Archive member included to satisfy reference by file (symbol)

c:/st/stm32cubeide_1.6.1/stm32cubeide/plugins/com.st.stm32cube.ide.mcu.externaltools.gnu-tools-for-stm32.10.3-2021.10.win32_1.0.0.202111181127/tools/bin/../lib/gcc/arm-none-eabi/10.3.1/../../../../arm-none-eabi/lib/thumb/v7e-m+fp/hard\libc_nano.a(lib_a-atoi.o)
                              ./Core/Cli/Src/console.o (atoi)
c:/st/stm32cubeide_1.6.1/stm32cubeide/plugins/com.st.stm32cube.ide.mcu.externaltools.gnu-tools-for-stm32.10.3-2021.10.win32_1.0.0.202111181127/tools/bin/../lib/gcc/arm-none-eabi/10.3.1/../../../../arm-none-eabi/lib/thumb/v7e-m+fp/hard\libc_nano.a(lib_a-difftime.o)
                              ./Core/Cli/Src/consoleCommands.o (difftime)
c:/st/stm32cubeide_1.6.1/stm32cubeide/plugins/com.st.stm32cube.ide.mcu.externaltools.gnu-tools-for-stm32.10.3-2021.10.win32_1.0.0.202111181127/tools/bin/../lib/gcc/arm-none-eabi/10.3.1/../../../../arm-none-eabi/lib/thumb/v7e-m+fp/hard\libc_nano.a(lib_a-errno.o)
                              ./Core/Src/syscalls.o (__errno)
c:/st/stm32cubeide_1.6.1/stm32cubeide/plugins/com.st.stm32cube.ide.mcu.externaltools.gnu-tools-for-stm32.10.3-2021.10.win32_1.0.0.202111181127/tools/bin/../lib/gcc/arm-none-eabi/10.3.1/../../../../arm-none-eabi/lib/thumb/v7e-m+fp/hard\libc_nano.a(lib_a-exit.o)
                              c:/st/stm32cubeide_1.6.1/stm32cubeide/plugins/com.st.stm32cube.ide.mcu.externaltools.gnu-tools-for-stm32.10.3-2021.10.win32_1.0.0.202111181127/tools/bin/../lib/gcc/arm-none-eabi/10.3.1/../../../../arm-none-eabi/lib/thumb/v7e-m+fp/hard/crt0.o (exit)
c:/st/stm32cubeide_1.6.1/stm32cubeide/plugins/com.st.stm32cube.ide.mcu.externaltools.gnu-tools-for-stm32.10.3-2021.10.win32_1.0.0.202111181127/tools/bin/../lib/gcc/arm-none-eabi/10.3.1/../../../../arm-none-eabi/lib/thumb/v7e-m+fp/hard\libc_nano.a(lib_a-gmtime.o)
                              ./Core/Cli/Src/consoleCommands.o (gmtime)
c:/st/stm32cubeide_1.6.1/stm32cubeide/plugins/com.st.stm32cube.ide.mcu.externaltools.gnu-tools-for-stm32.10.3-2021.10.win32_1.0.0.202111181127/tools/bin/../lib/gcc/arm-none-eabi/10.3.1/../../../../arm-none-eabi/lib/thumb/v7e-m+fp/hard\libc_nano.a(lib_a-gmtime_r.o)
                              c:/st/stm32cubeide_1.6.1/stm32cubeide/plugins/com.st.stm32cube.ide.mcu.externaltools.gnu-tools-for-stm32.10.3-2021.10.win32_1.0.0.202111181127/tools/bin/../lib/gcc/arm-none-eabi/10.3.1/../../../../arm-none-eabi/lib/thumb/v7e-m+fp/hard\libc_nano.a(lib_a-gmtime.o) (gmtime_r)
c:/st/stm32cubeide_1.6.1/stm32cubeide/plugins/com.st.stm32cube.ide.mcu.externaltools.gnu-tools-for-stm32.10.3-2021.10.win32_1.0.0.202111181127/tools/bin/../lib/gcc/arm-none-eabi/10.3.1/../../../../arm-none-eabi/lib/thumb/v7e-m+fp/hard\libc_nano.a(lib_a-impure.o)
                              c:/st/stm32cubeide_1.6.1/stm32cubeide/plugins/com.st.stm32cube.ide.mcu.externaltools.gnu-tools-for-stm32.10.3-2021.10.win32_1.0.0.202111181127/tools/bin/../lib/gcc/arm-none-eabi/10.3.1/../../../../arm-none-eabi/lib/thumb/v7e-m+fp/hard\libc_nano.a(lib_a-exit.o) (_global_impure_ptr)
c:/st/stm32cubeide_1.6.1/stm32cubeide/plugins/com.st.stm32cube.ide.mcu.externaltools.gnu-tools-for-stm32.10.3-2021.10.win32_1.0.0.202111181127/tools/bin/../lib/gcc/arm-none-eabi/10.3.1/../../../../arm-none-eabi/lib/thumb/v7e-m+fp/hard\libc_nano.a(lib_a-init.o)
                              c:/st/stm32cubeide_1.6.1/stm32cubeide/plugins/com.st.stm32cube.ide.mcu.externaltools.gnu-tools-for-stm32.10.3-2021.10.win32_1.0.0.202111181127/tools/bin/../lib/gcc/arm-none-eabi/10.3.1/../../../../arm-none-eabi/lib/thumb/v7e-m+fp/hard/crt0.o (__libc_init_array)
c:/st/stm32cubeide_1.6.1/stm32cubeide/plugins/com.st.stm32cube.ide.mcu.externaltools.gnu-tools-for-stm32.10.3-2021.10.win32_1.0.0.202111181127/tools/bin/../lib/gcc/arm-none-eabi/10.3.1/../../../../arm-none-eabi/lib/thumb/v7e-m+fp/hard\libc_nano.a(lib_a-malloc.o)
                              ./Core/Cli/Src/consoleCommands.o (malloc)
c:/st/stm32cubeide_1.6.1/stm32cubeide/plugins/com.st.stm32cube.ide.mcu.externaltools.gnu-tools-for-stm32.10.3-2021.10.win32_1.0.0.202111181127/tools/bin/../lib/gcc/arm-none-eabi/10.3.1/../../../../arm-none-eabi/lib/thumb/v7e-m+fp/hard\libc_nano.a(lib_a-memset.o)
                              c:/st/stm32cubeide_1.6.1/stm32cubeide/plugins/com.st.stm32cube.ide.mcu.externaltools.gnu-tools-for-stm32.10.3-2021.10.win32_1.0.0.202111181127/tools/bin/../lib/gcc/arm-none-eabi/10.3.1/../../../../arm-none-eabi/lib/thumb/v7e-m+fp/hard/crt0.o (memset)
c:/st/stm32cubeide_1.6.1/stm32cubeide/plugins/com.st.stm32cube.ide.mcu.externaltools.gnu-tools-for-stm32.10.3-2021.10.win32_1.0.0.202111181127/tools/bin/../lib/gcc/arm-none-eabi/10.3.1/../../../../arm-none-eabi/lib/thumb/v7e-m+fp/hard\libc_nano.a(lib_a-mktime.o)
                              ./Core/RtcController/rtcController.o (mktime)
[...]
Memory Configuration

Name             Origin             Length             Attributes
RAM              0x0000000020000000 0x0000000000020000 xrw
FLASH            0x0000000008000000 0x000000000007f800 xr
CONFIG           0x000000000807e800 0x0000000000000800 r
*default*        0x0000000000000000 0xffffffffffffffff

Linker script and memory map

LOAD c:/st/stm32cubeide_1.6.1/stm32cubeide/plugins/com.st.stm32cube.ide.mcu.externaltools.gnu-tools-for-stm32.10.3-2021.10.win32_1.0.0.202111181127/tools/bin/../lib/gcc/arm-none-eabi/10.3.1/thumb/v7e-m+fp/hard/crti.o
LOAD c:/st/stm32cubeide_1.6.1/stm32cubeide/plugins/com.st.stm32cube.ide.mcu.externaltools.gnu-tools-for-stm32.10.3-2021.10.win32_1.0.0.202111181127/tools/bin/../lib/gcc/arm-none-eabi/10.3.1/thumb/v7e-m+fp/hard/crtbegin.o
LOAD c:/st/stm32cubeide_1.6.1/stm32cubeide/plugins/com.st.stm32cube.ide.mcu.externaltools.gnu-tools-for-stm32.10.3-2021.10.win32_1.0.0.202111181127/tools/bin/../lib/gcc/arm-none-eabi/10.3.1/../../../../arm-none-eabi/lib/thumb/v7e-m+fp/hard/crt0.o
LOAD ./Core/CBuffer/Src/cBuffer.o
LOAD ./Core/Cli/Src/console.o
LOAD ./Core/Cli/Src/consoleCommands.o
LOAD ./Core/Cli/Src/consoleIo.o
LOAD ./Core/Colours/colours.o
LOAD ./Core/DataStore/dataStore.o
LOAD ./Core/Dodeca/doceca.o
LOAD ./Core/EE/FLASH_SECTOR_F4.o
LOAD ./Core/GY521/Src/mpu6050.o
LOAD ./Core/Helpers/Src/stringHelpers.o
LOAD ./Core/LC709203F/Src/lc709203.o
LOAD ./Core/LedController/Src/ledController.o
LOAD ./Core/Orinentation/Src/orientation.o
LOAD ./Core/RtcController/rtcController.o
LOAD ./Core/Src/crc.o
LOAD ./Core/Src/dma.o
LOAD ./Core/Src/gpio.o
LOAD ./Core/Src/i2c.o
LOAD ./Core/Src/main.o
LOAD ./Core/Src/rtc.o
LOAD ./Core/Src/spi.o
LOAD ./Core/Src/stm32f4xx_hal_msp.o
LOAD ./Core/Src/stm32f4xx_it.o
LOAD ./Core/Src/syscalls.o
LOAD ./Core/Src/sysmem.o
LOAD ./Core/Src/system_stm32f4xx.o
LOAD ./Core/Src/tim.o
LOAD ./Core/Src/usart.o
LOAD ./Core/Startup/startup_stm32f411ceux.o
LOAD ./Core/StateContoller/StateController.o
LOAD ./Core/SystemConfig/systemConfig.o
LOAD ./Core/WS2812/Src/ws2812.o
LOAD ./Drivers/STM32F4xx_HAL_Driver/Src/stm32f4xx_hal.o
LOAD ./Drivers/STM32F4xx_HAL_Driver/Src/stm32f4xx_hal_cortex.o
LOAD ./Drivers/STM32F4xx_HAL_Driver/Src/stm32f4xx_hal_crc.o
LOAD ./Drivers/STM32F4xx_HAL_Driver/Src/stm32f4xx_hal_dma.o
LOAD ./Drivers/STM32F4xx_HAL_Driver/Src/stm32f4xx_hal_dma_ex.o
LOAD ./Drivers/STM32F4xx_HAL_Driver/Src/stm32f4xx_hal_exti.o
LOAD ./Drivers/STM32F4xx_HAL_Driver/Src/stm32f4xx_hal_flash.o
LOAD ./Drivers/STM32F4xx_HAL_Driver/Src/stm32f4xx_hal_flash_ex.o
LOAD ./Drivers/STM32F4xx_HAL_Driver/Src/stm32f4xx_hal_flash_ramfunc.o
LOAD ./Drivers/STM32F4xx_HAL_Driver/Src/stm32f4xx_hal_gpio.o
LOAD ./Drivers/STM32F4xx_HAL_Driver/Src/stm32f4xx_hal_i2c.o
LOAD ./Drivers/STM32F4xx_HAL_Driver/Src/stm32f4xx_hal_i2c_ex.o
LOAD ./Drivers/STM32F4xx_HAL_Driver/Src/stm32f4xx_hal_pwr.o
LOAD ./Drivers/STM32F4xx_HAL_Driver/Src/stm32f4xx_hal_pwr_ex.o
LOAD ./Drivers/STM32F4xx_HAL_Driver/Src/stm32f4xx_hal_rcc.o
LOAD ./Drivers/STM32F4xx_HAL_Driver/Src/stm32f4xx_hal_rcc_ex.o
LOAD ./Drivers/STM32F4xx_HAL_Driver/Src/stm32f4xx_hal_rtc.o
LOAD ./Drivers/STM32F4xx_HAL_Driver/Src/stm32f4xx_hal_rtc_ex.o
LOAD ./Drivers/STM32F4xx_HAL_Driver/Src/stm32f4xx_hal_spi.o
LOAD ./Drivers/STM32F4xx_HAL_Driver/Src/stm32f4xx_hal_tim.o
LOAD ./Drivers/STM32F4xx_HAL_Driver/Src/stm32f4xx_hal_tim_ex.o
LOAD ./Drivers/STM32F4xx_HAL_Driver/Src/stm32f4xx_hal_uart.o
START GROUP
LOAD c:/st/stm32cubeide_1.6.1/stm32cubeide/plugins/com.st.stm32cube.ide.mcu.externaltools.gnu-tools-for-stm32.10.3-2021.10.win32_1.0.0.202111181127/tools/bin/../lib/gcc/arm-none-eabi/10.3.1/../../../../arm-none-eabi/lib/thumb/v7e-m+fp/hard\libc_nano.a
LOAD c:/st/stm32cubeide_1.6.1/stm32cubeide/plugins/com.st.stm32cube.ide.mcu.externaltools.gnu-tools-for-stm32.10.3-2021.10.win32_1.0.0.202111181127/tools/bin/../lib/gcc/arm-none-eabi/10.3.1/../../../../arm-none-eabi/lib/thumb/v7e-m+fp/hard\libm.a
END GROUP
START GROUP
LOAD c:/st/stm32cubeide_1.6.1/stm32cubeide/plugins/com.st.stm32cube.ide.mcu.externaltools.gnu-tools-for-stm32.10.3-2021.10.win32_1.0.0.202111181127/tools/bin/../lib/gcc/arm-none-eabi/10.3.1/thumb/v7e-m+fp/hard\libgcc.a
LOAD c:/st/stm32cubeide_1.6.1/stm32cubeide/plugins/com.st.stm32cube.ide.mcu.externaltools.gnu-tools-for-stm32.10.3-2021.10.win32_1.0.0.202111181127/tools/bin/../lib/gcc/arm-none-eabi/10.3.1/../../../../arm-none-eabi/lib/thumb/v7e-m+fp/hard\libc_nano.a
END GROUP
START GROUP
LOAD c:/st/stm32cubeide_1.6.1/stm32cubeide/plugins/com.st.stm32cube.ide.mcu.externaltools.gnu-tools-for-stm32.10.3-2021.10.win32_1.0.0.202111181127/tools/bin/../lib/gcc/arm-none-eabi/10.3.1/thumb/v7e-m+fp/hard\libgcc.a
LOAD c:/st/stm32cubeide_1.6.1/stm32cubeide/plugins/com.st.stm32cube.ide.mcu.externaltools.gnu-tools-for-stm32.10.3-2021.10.win32_1.0.0.202111181127/tools/bin/../lib/gcc/arm-none-eabi/10.3.1/../../../../arm-none-eabi/lib/thumb/v7e-m+fp/hard\libc_nano.a
LOAD c:/st/stm32cubeide_1.6.1/stm32cubeide/plugins/com.st.stm32cube.ide.mcu.externaltools.gnu-tools-for-stm32.10.3-2021.10.win32_1.0.0.202111181127/tools/bin/../lib/gcc/arm-none-eabi/10.3.1/../../../../arm-none-eabi/lib/thumb/v7e-m+fp/hard\libnosys.a
END GROUP
START GROUP
LOAD c:/st/stm32cubeide_1.6.1/stm32cubeide/plugins/com.st.stm32cube.ide.mcu.externaltools.gnu-tools-for-stm32.10.3-2021.10.win32_1.0.0.202111181127/tools/bin/../lib/gcc/arm-none-eabi/10.3.1/thumb/v7e-m+fp/hard\libgcc.a
LOAD c:/st/stm32cubeide_1.6.1/stm32cubeide/plugins/com.st.stm32cube.ide.mcu.externaltools.gnu-tools-for-stm32.10.3-2021.10.win32_1.0.0.202111181127/tools/bin/../lib/gcc/arm-none-eabi/10.3.1/../../../../arm-none-eabi/lib/thumb/v7e-m+fp/hard\libc_nano.a
LOAD c:/st/stm32cubeide_1.6.1/stm32cubeide/plugins/com.st.stm32cube.ide.mcu.externaltools.gnu-tools-for-stm32.10.3-2021.10.win32_1.0.0.202111181127/tools/bin/../lib/gcc/arm-none-eabi/10.3.1/../../../../arm-none-eabi/lib/thumb/v7e-m+fp/hard\libnosys.a
END GROUP
LOAD c:/st/stm32cubeide_1.6.1/stm32cubeide/plugins/com.st.stm32cube.ide.mcu.externaltools.gnu-tools-for-stm32.10.3-2021.10.win32_1.0.0.202111181127/tools/bin/../lib/gcc/arm-none-eabi/10.3.1/thumb/v7e-m+fp/hard/crtend.o
LOAD c:/st/stm32cubeide_1.6.1/stm32cubeide/plugins/com.st.stm32cube.ide.mcu.externaltools.gnu-tools-for-stm32.10.3-2021.10.win32_1.0.0.202111181127/tools/bin/../lib/gcc/arm-none-eabi/10.3.1/thumb/v7e-m+fp/hard/crtn.o
                0x0000000020020000                _estack = (ORIGIN (RAM) + LENGTH (RAM))
                0x0000000000000200                _Min_Heap_Size = 0x200
                0x0000000000000400                _Min_Stack_Size = 0x400

.isr_vector     0x0000000008000000      0x198
                0x0000000008000000                . = ALIGN (0x4)
 *(.isr_vector)
 .isr_vector    0x0000000008000000      0x198 ./Core/Startup/startup_stm32f411ceux.o
                0x0000000008000000                g_pfnVectors
                0x0000000008000198                . = ALIGN (0x4)

.systemConfig   0x000000000807e800        0x4
                0x000000000807e800                . = ALIGN (0x4)
 *(.systemConfig)
 .systemConfig  0x000000000807e800        0x1 ./Core/SystemConfig/systemConfig.o
                0x000000000807e800                systemConfigROPtr
                0x000000000807e804                . = ALIGN (0x4)
 *fill*         0x000000000807e801        0x3 

.text           0x00000000080001a0     0xfe10
                0x00000000080001a0                . = ALIGN (0x4)
 *(.text)
 .text          0x00000000080001a0       0x40 c:/st/stm32cubeide_1.6.1/stm32cubeide/plugins/com.st.stm32cube.ide.mcu.externaltools.gnu-tools-for-stm32.10.3-2021.10.win32_1.0.0.202111181127/tools/bin/../lib/gcc/arm-none-eabi/10.3.1/thumb/v7e-m+fp/hard/crtbegin.o
 .text          0x00000000080001e0       0x14 c:/st/stm32cubeide_1.6.1/stm32cubeide/plugins/com.st.stm32cube.ide.mcu.externaltools.gnu-tools-for-stm32.10.3-2021.10.win32_1.0.0.202111181127/tools/bin/../lib/gcc/arm-none-eabi/10.3.1/../../../../arm-none-eabi/lib/thumb/v7e-m+fp/hard\libc_nano.a(lib_a-strcmp.o)
                0x00000000080001e0                strcmp
 .text          0x00000000080001f4       0x10 c:/st/stm32cubeide_1.6.1/stm32cubeide/plugins/com.st.stm32cube.ide.mcu.externaltools.gnu-tools-for-stm32.10.3-2021.10.win32_1.0.0.202111181127/tools/bin/../lib/gcc/arm-none-eabi/10.3.1/../../../../arm-none-eabi/lib/thumb/v7e-m+fp/hard\libc_nano.a(lib_a-strlen.o)
                0x00000000080001f4                strlen
 *fill*         0x0000000008000204        0xc 
 .text          0x0000000008000210       0xa0 c:/st/stm32cubeide_1.6.1/stm32cubeide/plugins/com.st.stm32cube.ide.mcu.externaltools.gnu-tools-for-stm32.10.3-2021.10.win32_1.0.0.202111181127/tools/bin/../lib/gcc/arm-none-eabi/10.3.1/../../../../arm-none-eabi/lib/thumb/v7e-m+fp/hard\libc_nano.a(lib_a-memchr.o)
                0x0000000008000210                memchr
 .text          0x00000000080002b0      0x378 c:/st/stm32cubeide_1.6.1/stm32cubeide/plugins/com.st.stm32cube.ide.mcu.externaltools.gnu-tools-for-stm32.10.3-2021.10.win32_1.0.0.202111181127/tools/bin/../lib/gcc/arm-none-eabi/10.3.1/thumb/v7e-m+fp/hard\libgcc.a(_arm_addsubdf3.o)
                0x00000000080002b0                __aeabi_drsub
                0x00000000080002b8                __aeabi_dsub
                0x00000000080002b8                __subdf3
                0x00000000080002bc                __aeabi_dadd
                0x00000000080002bc                __adddf3
                0x0000000008000534                __floatunsidf
                0x0000000008000534                __aeabi_ui2d
                0x0000000008000554                __floatsidf
                0x0000000008000554                __aeabi_i2d
                0x0000000008000578                __aeabi_f2d
                0x0000000008000578                __extendsfdf2
                0x00000000080005bc                __floatundidf
                0x00000000080005bc                __aeabi_ul2d
                0x00000000080005cc                __floatdidf
                0x00000000080005cc                __aeabi_l2d
 .text          0x0000000008000628      0x424 c:/st/stm32cubeide_1.6.1/stm32cubeide/plugins/com.st.stm32cube.ide.mcu.externaltools.gnu-tools-for-stm32.10.3-2021.10.win32_1.0.0.202111181127/tools/bin/../lib/gcc/arm-none-eabi/10.3.1/thumb/v7e-m+fp/hard\libgcc.a(_arm_muldivdf3.o)
                0x0000000008000628                __aeabi_dmul
                0x0000000008000628                __muldf3
                0x000000000800087c                __divdf3
                0x000000000800087c                __aeabi_ddiv
 .text          0x0000000008000a4c      0x110 c:/st/stm32cubeide_1.6.1/stm32cubeide/plugins/com.st.stm32cube.ide.mcu.externaltools.gnu-tools-for-stm32.10.3-2021.10.win32_1.0.0.202111181127/tools/bin/../lib/gcc/arm-none-eabi/10.3.1/thumb/v7e-m+fp/hard\libgcc.a(_arm_cmpdf2.o)
                0x0000000008000a4c                __gtdf2
                0x0000000008000a4c                __gedf2
                0x0000000008000a54                __ltdf2
                0x0000000008000a54                __ledf2
                0x0000000008000a5c                __nedf2
                0x0000000008000a5c                __eqdf2
                0x0000000008000a5c                __cmpdf2
                0x0000000008000ad8                __aeabi_cdrcmple
                0x0000000008000ae8                __aeabi_cdcmpeq
                0x0000000008000ae8                __aeabi_cdcmple
                0x0000000008000af8                __aeabi_dcmpeq
                0x0000000008000b0c                __aeabi_dcmplt
                0x0000000008000b20                __aeabi_dcmple
                0x0000000008000b34                __aeabi_dcmpge
                0x0000000008000b48                __aeabi_dcmpgt
 .text          0x0000000008000b5c       0x2c c:/st/stm32cubeide_1.6.1/stm32cubeide/plugins/com.st.stm32cube.ide.mcu.externaltools.gnu-tools-for-stm32.10.3-2021.10.win32_1.0.0.202111181127/tools/bin/../lib/gcc/arm-none-eabi/10.3.1/thumb/v7e-m+fp/hard\libgcc.a(_arm_unorddf2.o)
                0x0000000008000b5c                __unorddf2
                0x0000000008000b5c                __aeabi_dcmpun
 .text          0x0000000008000b88       0x50 c:/st/stm32cubeide_1.6.1/stm32cubeide/plugins/com.st.stm32cube.ide.mcu.externaltools.gnu-tools-for-stm32.10.3-2021.10.win32_1.0.0.202111181127/tools/bin/../lib/gcc/arm-none-eabi/10.3.1/thumb/v7e-m+fp/hard\libgcc.a(_arm_fixdfsi.o)
                0x0000000008000b88                __aeabi_d2iz
                0x0000000008000b88                __fixdfsi
 .text          0x0000000008000bd8       0x40 c:/st/stm32cubeide_1.6.1/stm32cubeide/plugins/com.st.stm32cube.ide.mcu.externaltools.gnu-tools-for-stm32.10.3-2021.10.win32_1.0.0.202111181127/tools/bin/../lib/gcc/arm-none-eabi/10.3.1/thumb/v7e-m+fp/hard\libgcc.a(_arm_fixunsdfsi.o)
                0x0000000008000bd8                __aeabi_d2uiz
                0x0000000008000bd8                __fixunsdfsi
 .text          0x0000000008000c18       0xa0 c:/st/stm32cubeide_1.6.1/stm32cubeide/plugins/com.st.stm32cube.ide.mcu.externaltools.gnu-tools-for-stm32.10.3-2021.10.win32_1.0.0.202111181127/tools/bin/../lib/gcc/arm-none-eabi/10.3.1/thumb/v7e-m+fp/hard\libgcc.a(_aeabi_ldivmod.o)
                0x0000000008000c18                __aeabi_ldivmod
 .text          0x0000000008000cb8       0x30 c:/st/stm32cubeide_1.6.1/stm32cubeide/plugins/com.st.stm32cube.ide.mcu.externaltools.gnu-tools-for-stm32.10.3-2021.10.win32_1.0.0.202111181127/tools/bin/../lib/gcc/arm-none-eabi/10.3.1/thumb/v7e-m+fp/hard\libgcc.a(_aeabi_uldivmod.o)
                0x0000000008000cb8                __aeabi_uldivmod
 .text          0x0000000008000ce8      0x2d0 c:/st/stm32cubeide_1.6.1/stm32cubeide/plugins/com.st.stm32cube.ide.mcu.externaltools.gnu-tools-for-stm32.10.3-2021.10.win32_1.0.0.202111181127/tools/bin/../lib/gcc/arm-none-eabi/10.3.1/thumb/v7e-m+fp/hard\libgcc.a(_udivmoddi4.o)
                0x0000000008000ce8                __udivmoddi4
 .text          0x0000000008000fb8        0x4 c:/st/stm32cubeide_1.6.1/stm32cubeide/plugins/com.st.stm32cube.ide.mcu.externaltools.gnu-tools-for-stm32.10.3-2021.10.win32_1.0.0.202111181127/tools/bin/../lib/gcc/arm-none-eabi/10.3.1/thumb/v7e-m+fp/hard\libgcc.a(_dvmd_tls.o)
                0x0000000008000fb8                __aeabi_idiv0
                0x0000000008000fb8                __aeabi_ldiv0
 *(.text*)
 .text.cBuffer_init
                0x0000000008000fbc       0x3e ./Core/CBuffer/Src/cBuffer.o
                0x0000000008000fbc                cBuffer_init
 .text.cBuffer_Write
                0x0000000008000ffa       0x46 ./Core/CBuffer/Src/cBuffer.o
                0x0000000008000ffa                cBuffer_Write
 .text.cBuffer_GetString
                0x0000000008001040       0xb2 ./Core/CBuffer/Src/cBuffer.o
                0x0000000008001040                cBuffer_GetString
 .text.cBuffer_Read
                0x00000000080010f2       0x52 ./Core/CBuffer/Src/cBuffer.o
                0x00000000080010f2                cBuffer_Read
 .text.cBuffer_Peek
                0x0000000008001144       0x54 ./Core/CBuffer/Src/cBuffer.o
                0x0000000008001144                cBuffer_Peek
 .text.cBuffer_Length
                0x0000000008001198       0x32 ./Core/CBuffer/Src/cBuffer.o
                0x0000000008001198                cBuffer_Length
 .text.cBuffer_LengthCustom
                0x00000000080011ca       0x36 ./Core/CBuffer/Src/cBuffer.o
                0x00000000080011ca                cBuffer_LengthCustom
 .text.ConsoleCommandMatch
                0x0000000008001200       0x70 ./Core/Cli/Src/console.o
 .text.ConsoleInit
                0x0000000008001270       0x54 ./Core/Cli/Src/console.o
                0x0000000008001270                ConsoleInit
 .text.ConsolePrintPrompt
                0x00000000080012c4       0x1c ./Core/Cli/Src/console.o
                0x00000000080012c4                ConsolePrintPrompt
 .text.ConsoleProcess
                0x00000000080012e0      0x124 ./Core/Cli/Src/console.o
                0x00000000080012e0                ConsoleProcess
 .text.ConsoleParamFindN
                0x0000000008001404       0x62 ./Core/Cli/Src/console.o
                0x0000000008001404                ConsoleParamFindN
 .text.ConsoleReceiveParamString
                0x0000000008001466       0x60 ./Core/Cli/Src/console.o
                0x0000000008001466                ConsoleReceiveParamString
 .text.ConsoleReceiveParamInt16
                0x00000000080014c6       0xcc ./Core/Cli/Src/console.o
                0x00000000080014c6                ConsoleReceiveParamInt16
 .text.ConsoleReceiveParamHexUint16
                0x0000000008001592       0x92 ./Core/Cli/Src/console.o
                0x0000000008001592                ConsoleReceiveParamHexUint16
 .text.ConsoleUtilHexCharToInt
                0x0000000008001624       0x82 ./Core/Cli/Src/console.o
 .text.ConsoleSendString
                0x00000000080016a6       0x18 ./Core/Cli/Src/console.o
                0x00000000080016a6                ConsoleSendString
 *fill*         0x00000000080016be        0x2 
 .text.ConsoleSendLine
                0x00000000080016c0       0x24 ./Core/Cli/Src/console.o
                0x00000000080016c0                ConsoleSendLine
 .text.__NVIC_SystemReset
                0x00000000080016e4       0x2c ./Core/Cli/Src/consoleCommands.o
 .text.displayDodeca
                0x0000000008001710       0xb4 ./Core/Cli/Src/consoleCommands.o
 .text.ConsoleCommandDumpData
                0x00000000080017c4      0x19c ./Core/Cli/Src/consoleCommands.o
 .text.ConsoleCommandClearData
                0x0000000008001960       0x16 ./Core/Cli/Src/consoleCommands.o
 .text.ConsoleCommandConfig
                0x0000000008001976       0x18 ./Core/Cli/Src/consoleCommands.o
 .text.ConsoleCommandExitConfig
                0x000000000800198e       0x18 ./Core/Cli/Src/consoleCommands.o
 .text.ConsoleCommandReboot
                0x00000000080019a6        0xc ./Core/Cli/Src/consoleCommands.o
 *fill*         0x00000000080019b2        0x2 
 .text.ConsoleCommandReset
                0x00000000080019b4       0x30 ./Core/Cli/Src/consoleCommands.o
 .text.ConsoleCommandDodecaSet
                0x00000000080019e4      0x1dc ./Core/Cli/Src/consoleCommands.o
 .text.ConsoleCommandDodecaQuery
                0x0000000008001bc0       0x7c ./Core/Cli/Src/consoleCommands.o
 .text.ConsoleCommandSaveConfig
                0x0000000008001c3c       0x20 ./Core/Cli/Src/consoleCommands.o
 .text.ConsoleCommandFaceUpQuery
                0x0000000008001c5c       0xcc ./Core/Cli/Src/consoleCommands.o
 .text.ConsoleCommandLEDSet
                0x0000000008001d28      0x120 ./Core/Cli/Src/consoleCommands.o
 .text.ConsoleCommandMemTest
                0x0000000008001e48       0x1c ./Core/Cli/Src/consoleCommands.o
 .text.ConsoleCommandCPUQuery
                0x0000000008001e64       0xdc ./Core/Cli/Src/consoleCommands.o
 .text.ConsoleCommandDateSet
                0x0000000008001f40       0xdc ./Core/Cli/Src/consoleCommands.o
 .text.ConsoleCommandTimeSet
                0x000000000800201c       0xd0 ./Core/Cli/Src/consoleCommands.o
 .text.ConsoleCommandLipoQuery
                0x00000000080020ec       0xcc ./Core/Cli/Src/consoleCommands.o
 .text.ConsoleCommandAccelQuery
                0x00000000080021b8      0x35c ./Core/Cli/Src/consoleCommands.o
 .text.ConsoleCommandTimeQuery
                0x0000000008002514       0x30 ./Core/Cli/Src/consoleCommands.o
 .text.ConsoleCommandDateQuery
                0x0000000008002544       0x30 ./Core/Cli/Src/consoleCommands.o
 .text.ConsoleCommandHelp
                0x0000000008002574       0x70 ./Core/Cli/Src/consoleCommands.o
 .text.ConsoleCommandVer
                0x00000000080025e4       0x2c ./Core/Cli/Src/consoleCommands.o
 .text.ConsoleCommandsGetTable
                0x0000000008002610       0x14 ./Core/Cli/Src/consoleCommands.o
                0x0000000008002610                ConsoleCommandsGetTable
 .text.HAL_UART_RxCpltCallback
                0x0000000008002624       0x3c ./Core/Cli/Src/consoleIo.o
                0x0000000008002624                HAL_UART_RxCpltCallback
 .text.ConsoleIoInit
                0x0000000008002660       0x30 ./Core/Cli/Src/consoleIo.o
                0x0000000008002660                ConsoleIoInit
 .text.ConsoleIoReceive
                0x0000000008002690       0x40 ./Core/Cli/Src/consoleIo.o
                0x0000000008002690                ConsoleIoReceive
 .text.ConsoleIoSendString
                0x00000000080026d0       0x2c ./Core/Cli/Src/consoleIo.o
                0x00000000080026d0                ConsoleIoSendString
 .text.colourFindByCode
                0x00000000080026fc       0x54 ./Core/Colours/colours.o
                0x00000000080026fc                colourFindByCode
 .text.colourFindByid
                0x0000000008002750       0x54 ./Core/Colours/colours.o
                0x0000000008002750                colourFindByid
 .text.dataStoreInit
                0x00000000080027a4       0x38 ./Core/DataStore/dataStore.o
                0x00000000080027a4                dataStoreInit
 .text.dataStoreAdd
                0x00000000080027dc       0x88 ./Core/DataStore/dataStore.o
                0x00000000080027dc                dataStoreAdd
 .text.dataStoreGetCurrentPosition
                0x0000000008002864       0x24 ./Core/DataStore/dataStore.o
                0x0000000008002864                dataStoreGetCurrentPosition
 .text.dataStoreGet
                0x0000000008002888       0x34 ./Core/DataStore/dataStore.o
                0x0000000008002888                dataStoreGet
 .text.dodecaInit
                0x00000000080028bc       0x20 ./Core/Dodeca/doceca.o
                0x00000000080028bc                dodecaInit
 .text.dodecaReset
                0x00000000080028dc      0x138 ./Core/Dodeca/doceca.o
                0x00000000080028dc                dodecaReset
 .text.dodecaGet
                0x0000000008002a14       0x34 ./Core/Dodeca/doceca.o
                0x0000000008002a14                dodecaGet
 .text.dodecaStart
                0x0000000008002a48       0x44 ./Core/Dodeca/doceca.o
                0x0000000008002a48                dodecaStart
 .text.dodecaStop
                0x0000000008002a8c       0x76 ./Core/Dodeca/doceca.o
                0x0000000008002a8c                dodecaStop
 *fill*         0x0000000008002b02        0x2 
 .text.dodecaGetStateName
                0x0000000008002b04       0x68 ./Core/Dodeca/doceca.o
                0x0000000008002b04                dodecaGetStateName
 .text.GetSector
                0x0000000008002b6c       0xf4 ./Core/EE/FLASH_SECTOR_F4.o
 .text.Flash_Write_Data
                0x0000000008002c60       0xbc ./Core/EE/FLASH_SECTOR_F4.o
                0x0000000008002c60                Flash_Write_Data
 .text.Flash_Read_Data
                0x0000000008002d1c       0x42 ./Core/EE/FLASH_SECTOR_F4.o
                0x0000000008002d1c                Flash_Read_Data
 .text.HAL_GPIO_EXTI_Callback
                0x0000000008002d5e       0x16 ./Core/GY521/Src/mpu6050.o
                0x0000000008002d5e                HAL_GPIO_EXTI_Callback
 .text.MPU6050_Init
                0x0000000008002d74       0xae ./Core/GY521/Src/mpu6050.o
                0x0000000008002d74                MPU6050_Init
 *fill*         0x0000000008002e22        0x6 
 .text.MPU6050_Read_Accel
                0x0000000008002e28      0x144 ./Core/GY521/Src/mpu6050.o
                0x0000000008002e28                MPU6050_Read_Accel
 .text.MPU6050_ReadReg
                0x0000000008002f6c       0x30 ./Core/GY521/Src/mpu6050.o
                0x0000000008002f6c                MPU6050_ReadReg
 .text.MPU6050_WriteReg
                0x0000000008002f9c       0x30 ./Core/GY521/Src/mpu6050.o
                0x0000000008002f9c                MPU6050_WriteReg
 .text.MPU6050ReadStable
                0x0000000008002fcc       0x3c ./Core/GY521/Src/mpu6050.o
                0x0000000008002fcc                MPU6050ReadStable
 .text.MPU6050_Read_All
                0x0000000008003008      0x484 ./Core/GY521/Src/mpu6050.o
                0x0000000008003008                MPU6050_Read_All
 .text.Kalman_getAngle
                0x000000000800348c      0x2b6 ./Core/GY521/Src/mpu6050.o
                0x000000000800348c                Kalman_getAngle
 .text.manageBackSpace
                0x0000000008003742       0x7e ./Core/Helpers/Src/stringHelpers.o
                0x0000000008003742                manageBackSpace
 .text.isNumber
                0x00000000080037c0       0x3a ./Core/Helpers/Src/stringHelpers.o
                0x00000000080037c0                isNumber
 .text.byteToBin
                0x00000000080037fa       0x60 ./Core/Helpers/Src/stringHelpers.o
                0x00000000080037fa                byteToBin
 .text.lc709203_getCellVoltage
                0x000000000800385a       0x1a ./Core/LC709203F/Src/lc709203.o
                0x000000000800385a                lc709203_getCellVoltage
 .text.lc709203_getCellTemp
                0x0000000008003874       0x1a ./Core/LC709203F/Src/lc709203.o
                0x0000000008003874                lc709203_getCellTemp
 .text.lc709203_getId
                0x000000000800388e       0x1a ./Core/LC709203F/Src/lc709203.o
                0x000000000800388e                lc709203_getId
 .text.lc709203_getRegisterValue
                0x00000000080038a8       0x44 ./Core/LC709203F/Src/lc709203.o
 .text.ledAllOff
                0x00000000080038ec       0x2e ./Core/LedController/Src/ledController.o
                0x00000000080038ec                ledAllOff
 .text.ledRender
                0x000000000800391a       0x12 ./Core/LedController/Src/ledController.o
                0x000000000800391a                ledRender
 .text.ledSetFaceColour
                0x000000000800392c       0xfa ./Core/LedController/Src/ledController.o
                0x000000000800392c                ledSetFaceColour
 .text.ledDance
                0x0000000008003a26       0x9e ./Core/LedController/Src/ledController.o
                0x0000000008003a26                ledDance
 .text.detectFaceUp
                0x0000000008003ac4      0x118 ./Core/Orinentation/Src/orientation.o
                0x0000000008003ac4                detectFaceUp
 .text.rtcGetTimeString
                0x0000000008003bdc       0x4c ./Core/RtcController/rtcController.o
                0x0000000008003bdc                rtcGetTimeString
 .text.rtcGetDateString
                0x0000000008003c28       0x3c ./Core/RtcController/rtcController.o
                0x0000000008003c28                rtcGetDateString
 .text.rtcGetTimeStamp
                0x0000000008003c64       0x6c ./Core/RtcController/rtcController.o
                0x0000000008003c64                rtcGetTimeStamp
 .text.MX_CRC_Init
                0x0000000008003cd0       0x28 ./Core/Src/crc.o
                0x0000000008003cd0                MX_CRC_Init
 .text.HAL_CRC_MspInit
                0x0000000008003cf8       0x44 ./Core/Src/crc.o
                0x0000000008003cf8                HAL_CRC_MspInit
 .text.MX_DMA_Init
                0x0000000008003d3c       0x40 ./Core/Src/dma.o
                0x0000000008003d3c                MX_DMA_Init
 .text.MX_GPIO_Init
                0x0000000008003d7c      0x11c ./Core/Src/gpio.o
                0x0000000008003d7c                MX_GPIO_Init
 .text.MX_I2C1_Init
                0x0000000008003e98       0x5c ./Core/Src/i2c.o
                0x0000000008003e98                MX_I2C1_Init
 .text.HAL_I2C_MspInit
                0x0000000008003ef4       0x90 ./Core/Src/i2c.o
                0x0000000008003ef4                HAL_I2C_MspInit
 .text.HAL_I2C_MspDeInit
                0x0000000008003f84       0x44 ./Core/Src/i2c.o
                0x0000000008003f84                HAL_I2C_MspDeInit
 .text.main     0x0000000008003fc8      0x184 ./Core/Src/main.o
                0x0000000008003fc8                main
 .text.SystemClock_Config
                0x000000000800414c       0xd4 ./Core/Src/main.o
                0x000000000800414c                SystemClock_Config
 .text.Error_Handler
                0x0000000008004220        0xa ./Core/Src/main.o
                0x0000000008004220                Error_Handler
 *fill*         0x000000000800422a        0x2 
 .text.MX_RTC_Init
                0x000000000800422c       0x4c ./Core/Src/rtc.o
                0x000000000800422c                MX_RTC_Init
 .text.HAL_RTC_MspInit
                0x0000000008004278       0x58 ./Core/Src/rtc.o
                0x0000000008004278                HAL_RTC_MspInit
 .text.MX_SPI1_Init
                0x00000000080042d0       0x6c ./Core/Src/spi.o
                0x00000000080042d0                MX_SPI1_Init
 .text.HAL_SPI_MspInit
                0x000000000800433c       0x90 ./Core/Src/spi.o
                0x000000000800433c                HAL_SPI_MspInit
 .text.HAL_MspInit
                0x00000000080043cc       0x50 ./Core/Src/stm32f4xx_hal_msp.o
                0x00000000080043cc                HAL_MspInit
 .text.NMI_Handler
                0x000000000800441c        0x6 ./Core/Src/stm32f4xx_it.o
                0x000000000800441c                NMI_Handler
 .text.HardFault_Handler
                0x0000000008004422        0x6 ./Core/Src/stm32f4xx_it.o
                0x0000000008004422                HardFault_Handler
 .text.MemManage_Handler
                0x0000000008004428        0x6 ./Core/Src/stm32f4xx_it.o
                0x0000000008004428                MemManage_Handler
 .text.BusFault_Handler
                0x000000000800442e        0x6 ./Core/Src/stm32f4xx_it.o
                0x000000000800442e                BusFault_Handler
 .text.UsageFault_Handler
                0x0000000008004434        0x6 ./Core/Src/stm32f4xx_it.o
                0x0000000008004434                UsageFault_Handler
 .text.SVC_Handler
                0x000000000800443a        0xe ./Core/Src/stm32f4xx_it.o
                0x000000000800443a                SVC_Handler
 .text.DebugMon_Handler
                0x0000000008004448        0xe ./Core/Src/stm32f4xx_it.o
                0x0000000008004448                DebugMon_Handler
 .text.PendSV_Handler
                0x0000000008004456        0xe ./Core/Src/stm32f4xx_it.o
                0x0000000008004456                PendSV_Handler
 .text.SysTick_Handler
                0x0000000008004464        0xc ./Core/Src/stm32f4xx_it.o
                0x0000000008004464                SysTick_Handler
 .text.EXTI9_5_IRQHandler
                0x0000000008004470       0x10 ./Core/Src/stm32f4xx_it.o
                0x0000000008004470                EXTI9_5_IRQHandler
 .text.TIM1_BRK_TIM9_IRQHandler
                0x0000000008004480       0x1c ./Core/Src/stm32f4xx_it.o
                0x0000000008004480                TIM1_BRK_TIM9_IRQHandler
 .text.USART1_IRQHandler
                0x000000000800449c       0x14 ./Core/Src/stm32f4xx_it.o
                0x000000000800449c                USART1_IRQHandler
 .text.DMA2_Stream1_IRQHandler
                0x00000000080044b0       0x14 ./Core/Src/stm32f4xx_it.o
                0x00000000080044b0                DMA2_Stream1_IRQHandler
 .text._getpid  0x00000000080044c4       0x10 ./Core/Src/syscalls.o
                0x00000000080044c4                _getpid
 .text._kill    0x00000000080044d4       0x20 ./Core/Src/syscalls.o
                0x00000000080044d4                _kill
 .text._exit    0x00000000080044f4       0x14 ./Core/Src/syscalls.o
                0x00000000080044f4                _exit
 .text._read    0x0000000008004508       0x3a ./Core/Src/syscalls.o
                0x0000000008004508                _read
 .text._write   0x0000000008004542       0x38 ./Core/Src/syscalls.o
                0x0000000008004542                _write
 .text._close   0x000000000800457a       0x18 ./Core/Src/syscalls.o
                0x000000000800457a                _close
 .text._fstat   0x0000000008004592       0x20 ./Core/Src/syscalls.o
                0x0000000008004592                _fstat
 .text._isatty  0x00000000080045b2       0x16 ./Core/Src/syscalls.o
                0x00000000080045b2                _isatty
 .text._lseek   0x00000000080045c8       0x1a ./Core/Src/syscalls.o
                0x00000000080045c8                _lseek
 *fill*         0x00000000080045e2        0x2 
 .text._sbrk    0x00000000080045e4       0x6c ./Core/Src/sysmem.o
                0x00000000080045e4                _sbrk
 .text.SystemInit
                0x0000000008004650       0x24 ./Core/Src/system_stm32f4xx.o
                0x0000000008004650                SystemInit
 .text.MX_TIM1_Init
                0x0000000008004674      0x140 ./Core/Src/tim.o
                0x0000000008004674                MX_TIM1_Init
 .text.MX_TIM9_Init
                0x00000000080047b4       0x74 ./Core/Src/tim.o
                0x00000000080047b4                MX_TIM9_Init
 .text.HAL_TIM_Base_MspInit
                0x0000000008004828       0xf4 ./Core/Src/tim.o
                0x0000000008004828                HAL_TIM_Base_MspInit
 .text.HAL_TIM_MspPostInit
                0x000000000800491c       0x74 ./Core/Src/tim.o
                0x000000000800491c                HAL_TIM_MspPostInit
 .text.MX_USART1_UART_Init
                0x0000000008004990       0x54 ./Core/Src/usart.o
                0x0000000008004990                MX_USART1_UART_Init
 .text.HAL_UART_MspInit
                0x00000000080049e4       0xa0 ./Core/Src/usart.o
                0x00000000080049e4                HAL_UART_MspInit
 .text.Reset_Handler
                0x0000000008004a84       0x50 ./Core/Startup/startup_stm32f411ceux.o
                0x0000000008004a84                Reset_Handler
 .text.Default_Handler
                0x0000000008004ad4        0x2 ./Core/Startup/startup_stm32f411ceux.o
                0x0000000008004ad4                RTC_Alarm_IRQHandler
                0x0000000008004ad4                EXTI2_IRQHandler
                0x0000000008004ad4                SPI4_IRQHandler
                0x0000000008004ad4                TIM1_CC_IRQHandler
                0x0000000008004ad4                DMA2_Stream5_IRQHandler
                0x0000000008004ad4                DMA1_Stream5_IRQHandler
                0x0000000008004ad4                PVD_IRQHandler
                0x0000000008004ad4                SDIO_IRQHandler
                0x0000000008004ad4                TAMP_STAMP_IRQHandler
                0x0000000008004ad4                EXTI3_IRQHandler
                0x0000000008004ad4                TIM1_UP_TIM10_IRQHandler
                0x0000000008004ad4                I2C3_ER_IRQHandler
                0x0000000008004ad4                EXTI0_IRQHandler
                0x0000000008004ad4                I2C2_EV_IRQHandler
                0x0000000008004ad4                DMA1_Stream2_IRQHandler
                0x0000000008004ad4                FPU_IRQHandler
                0x0000000008004ad4                DMA2_Stream2_IRQHandler
                0x0000000008004ad4                SPI1_IRQHandler
                0x0000000008004ad4                DMA2_Stream3_IRQHandler
                0x0000000008004ad4                USART6_IRQHandler
                0x0000000008004ad4                DMA2_Stream0_IRQHandler
                0x0000000008004ad4                TIM4_IRQHandler
                0x0000000008004ad4                I2C1_EV_IRQHandler
                0x0000000008004ad4                DMA1_Stream6_IRQHandler
                0x0000000008004ad4                DMA1_Stream1_IRQHandler
                0x0000000008004ad4                TIM3_IRQHandler
                0x0000000008004ad4                RCC_IRQHandler
                0x0000000008004ad4                Default_Handler
                0x0000000008004ad4                EXTI15_10_IRQHandler
                0x0000000008004ad4                ADC_IRQHandler
                0x0000000008004ad4                DMA1_Stream7_IRQHandler
                0x0000000008004ad4                SPI5_IRQHandler
                0x0000000008004ad4                TIM5_IRQHandler
                0x0000000008004ad4                DMA2_Stream7_IRQHandler
                0x0000000008004ad4                I2C3_EV_IRQHandler
                0x0000000008004ad4                RTC_WKUP_IRQHandler
                0x0000000008004ad4                SPI2_IRQHandler
                0x0000000008004ad4                DMA1_Stream0_IRQHandler
                0x0000000008004ad4                EXTI4_IRQHandler
                0x0000000008004ad4                WWDG_IRQHandler
                0x0000000008004ad4                TIM2_IRQHandler
                0x0000000008004ad4                OTG_FS_WKUP_IRQHandler
                0x0000000008004ad4                TIM1_TRG_COM_TIM11_IRQHandler
                0x0000000008004ad4                EXTI1_IRQHandler
                0x0000000008004ad4                USART2_IRQHandler
                0x0000000008004ad4                I2C2_ER_IRQHandler
                0x0000000008004ad4                FLASH_IRQHandler
                0x0000000008004ad4                DMA2_Stream4_IRQHandler
                0x0000000008004ad4                OTG_FS_IRQHandler
                0x0000000008004ad4                SPI3_IRQHandler
                0x0000000008004ad4                DMA1_Stream4_IRQHandler
                0x0000000008004ad4                I2C1_ER_IRQHandler
                0x0000000008004ad4                DMA2_Stream6_IRQHandler
                0x0000000008004ad4                DMA1_Stream3_IRQHandler
 *fill*         0x0000000008004ad6        0x2 
 .text.findState
                0x0000000008004ad8       0x54 ./Core/StateContoller/StateController.o
 .text.setStateControllerMode
                0x0000000008004b2c       0x20 ./Core/StateContoller/StateController.o
                0x0000000008004b2c                setStateControllerMode
 .text.stateContollerInit
                0x0000000008004b4c       0x60 ./Core/StateContoller/StateController.o
                0x0000000008004b4c                stateContollerInit
 .text.HAL_TIM_PeriodElapsedCallback
                0x0000000008004bac       0x14 ./Core/StateContoller/StateController.o
                0x0000000008004bac                HAL_TIM_PeriodElapsedCallback
 .text.displayState
                0x0000000008004bc0       0x40 ./Core/StateContoller/StateController.o
 .text.stateController
                0x0000000008004c00      0x434 ./Core/StateContoller/StateController.o
                0x0000000008004c00                stateController
 .text.sysConfigInit
                0x0000000008005034       0x30 ./Core/SystemConfig/systemConfig.o
                0x0000000008005034                sysConfigInit
 .text.systemConfigGet
                0x0000000008005064       0x14 ./Core/SystemConfig/systemConfig.o
                0x0000000008005064                systemConfigGet
 .text.sysConfigValidateConfig
                0x0000000008005078       0x30 ./Core/SystemConfig/systemConfig.o
 .text.sysConfigCalcChecksum
                0x00000000080050a8       0x2c ./Core/SystemConfig/systemConfig.o
                0x00000000080050a8                sysConfigCalcChecksum
 .text.sysConfigRead
                0x00000000080050d4       0x34 ./Core/SystemConfig/systemConfig.o
                0x00000000080050d4                sysConfigRead
 .text.sysConfigSave
                0x0000000008005108       0x38 ./Core/SystemConfig/systemConfig.o
                0x0000000008005108                sysConfigSave
 .text.scale8   0x0000000008005140       0x28 ./Core/WS2812/Src/ws2812.o
 .text.led_set_RGB
                0x0000000008005168       0xd0 ./Core/WS2812/Src/ws2812.o
                0x0000000008005168                led_set_RGB
 .text.led_render
                0x0000000008005238      0x15c ./Core/WS2812/Src/ws2812.o
                0x0000000008005238                led_render
 .text.HAL_TIM_PWM_PulseFinishedHalfCpltCallback
                0x0000000008005394      0x100 ./Core/WS2812/Src/ws2812.o
                0x0000000008005394                HAL_TIM_PWM_PulseFinishedHalfCpltCallback
 .text.HAL_TIM_PWM_PulseFinishedCallback
                0x0000000008005494      0x114 ./Core/WS2812/Src/ws2812.o
                0x0000000008005494                HAL_TIM_PWM_PulseFinishedCallback
 .text.hsl_to_rgb
                0x00000000080055a8      0x18c ./Core/WS2812/Src/ws2812.o
                0x00000000080055a8                hsl_to_rgb
 .text.HAL_Init
                0x0000000008005734       0x44 ./Drivers/STM32F4xx_HAL_Driver/Src/stm32f4xx_hal.o
                0x0000000008005734                HAL_Init
 .text.HAL_InitTick
                0x0000000008005778       0x60 ./Drivers/STM32F4xx_HAL_Driver/Src/stm32f4xx_hal.o
                0x0000000008005778                HAL_InitTick
 .text.HAL_IncTick
                0x00000000080057d8       0x28 ./Drivers/STM32F4xx_HAL_Driver/Src/stm32f4xx_hal.o
                0x00000000080057d8                HAL_IncTick
 .text.HAL_GetTick
                0x0000000008005800       0x18 ./Drivers/STM32F4xx_HAL_Driver/Src/stm32f4xx_hal.o
                0x0000000008005800                HAL_GetTick
 .text.HAL_Delay
                0x0000000008005818       0x48 ./Drivers/STM32F4xx_HAL_Driver/Src/stm32f4xx_hal.o
                0x0000000008005818                HAL_Delay
 .text.__NVIC_SetPriorityGrouping
                0x0000000008005860       0x48 ./Drivers/STM32F4xx_HAL_Driver/Src/stm32f4xx_hal_cortex.o
 .text.__NVIC_GetPriorityGrouping
                0x00000000080058a8       0x1c ./Drivers/STM32F4xx_HAL_Driver/Src/stm32f4xx_hal_cortex.o
 .text.__NVIC_EnableIRQ
                0x00000000080058c4       0x3c ./Drivers/STM32F4xx_HAL_Driver/Src/stm32f4xx_hal_cortex.o
 .text.__NVIC_SetPriority
                0x0000000008005900       0x54 ./Drivers/STM32F4xx_HAL_Driver/Src/stm32f4xx_hal_cortex.o
 .text.NVIC_EncodePriority
                0x0000000008005954       0x66 ./Drivers/STM32F4xx_HAL_Driver/Src/stm32f4xx_hal_cortex.o
 *fill*         0x00000000080059ba        0x2 
 .text.SysTick_Config
                0x00000000080059bc       0x44 ./Drivers/STM32F4xx_HAL_Driver/Src/stm32f4xx_hal_cortex.o
 .text.HAL_NVIC_SetPriorityGrouping
                0x0000000008005a00       0x16 ./Drivers/STM32F4xx_HAL_Driver/Src/stm32f4xx_hal_cortex.o
                0x0000000008005a00                HAL_NVIC_SetPriorityGrouping
 .text.HAL_NVIC_SetPriority
                0x0000000008005a16       0x38 ./Drivers/STM32F4xx_HAL_Driver/Src/stm32f4xx_hal_cortex.o
                0x0000000008005a16                HAL_NVIC_SetPriority
 .text.HAL_NVIC_EnableIRQ
                0x0000000008005a4e       0x1c ./Drivers/STM32F4xx_HAL_Driver/Src/stm32f4xx_hal_cortex.o
                0x0000000008005a4e                HAL_NVIC_EnableIRQ
 .text.HAL_SYSTICK_Config
                0x0000000008005a6a       0x18 ./Drivers/STM32F4xx_HAL_Driver/Src/stm32f4xx_hal_cortex.o
                0x0000000008005a6a                HAL_SYSTICK_Config
 .text.HAL_CRC_Init
                0x0000000008005a82       0x38 ./Drivers/STM32F4xx_HAL_Driver/Src/stm32f4xx_hal_crc.o
                0x0000000008005a82                HAL_CRC_Init
 .text.HAL_CRC_Calculate
                0x0000000008005aba       0x66 ./Drivers/STM32F4xx_HAL_Driver/Src/stm32f4xx_hal_crc.o
                0x0000000008005aba                HAL_CRC_Calculate
 .text.HAL_DMA_Init
                0x0000000008005b20      0x15c ./Drivers/STM32F4xx_HAL_Driver/Src/stm32f4xx_hal_dma.o
                0x0000000008005b20                HAL_DMA_Init
 .text.HAL_DMA_Start_IT
                0x0000000008005c7c       0xb0 ./Drivers/STM32F4xx_HAL_Driver/Src/stm32f4xx_hal_dma.o
                0x0000000008005c7c                HAL_DMA_Start_IT
 .text.HAL_DMA_Abort
                0x0000000008005d2c       0xe0 ./Drivers/STM32F4xx_HAL_Driver/Src/stm32f4xx_hal_dma.o
                0x0000000008005d2c                HAL_DMA_Abort
 .text.HAL_DMA_Abort_IT
                0x0000000008005e0c       0x44 ./Drivers/STM32F4xx_HAL_Driver/Src/stm32f4xx_hal_dma.o
                0x0000000008005e0c                HAL_DMA_Abort_IT
 .text.HAL_DMA_IRQHandler
                0x0000000008005e50      0x314 ./Drivers/STM32F4xx_HAL_Driver/Src/stm32f4xx_hal_dma.o
                0x0000000008005e50                HAL_DMA_IRQHandler
 .text.DMA_SetConfig
                0x0000000008006164       0x5c ./Drivers/STM32F4xx_HAL_Driver/Src/stm32f4xx_hal_dma.o
 .text.DMA_CalcBaseAndBitshift
                0x00000000080061c0       0x6c ./Drivers/STM32F4xx_HAL_Driver/Src/stm32f4xx_hal_dma.o
 .text.DMA_CheckFifoParam
                0x000000000800622c       0xf8 ./Drivers/STM32F4xx_HAL_Driver/Src/stm32f4xx_hal_dma.o
 .text.HAL_FLASH_Program
                0x0000000008006324       0xa8 ./Drivers/STM32F4xx_HAL_Driver/Src/stm32f4xx_hal_flash.o
                0x0000000008006324                HAL_FLASH_Program
 .text.HAL_FLASH_Unlock
                0x00000000080063cc       0x44 ./Drivers/STM32F4xx_HAL_Driver/Src/stm32f4xx_hal_flash.o
                0x00000000080063cc                HAL_FLASH_Unlock
 .text.HAL_FLASH_Lock
                0x0000000008006410       0x20 ./Drivers/STM32F4xx_HAL_Driver/Src/stm32f4xx_hal_flash.o
                0x0000000008006410                HAL_FLASH_Lock
 .text.HAL_FLASH_GetError
                0x0000000008006430       0x18 ./Drivers/STM32F4xx_HAL_Driver/Src/stm32f4xx_hal_flash.o
                0x0000000008006430                HAL_FLASH_GetError
 .text.FLASH_WaitForLastOperation
                0x0000000008006448       0x80 ./Drivers/STM32F4xx_HAL_Driver/Src/stm32f4xx_hal_flash.o
                0x0000000008006448                FLASH_WaitForLastOperation
 .text.FLASH_Program_DoubleWord
                0x00000000080064c8       0x64 ./Drivers/STM32F4xx_HAL_Driver/Src/stm32f4xx_hal_flash.o
 .text.FLASH_Program_Word
                0x000000000800652c       0x44 ./Drivers/STM32F4xx_HAL_Driver/Src/stm32f4xx_hal_flash.o
 .text.FLASH_Program_HalfWord
                0x0000000008006570       0x48 ./Drivers/STM32F4xx_HAL_Driver/Src/stm32f4xx_hal_flash.o
 .text.FLASH_Program_Byte
                0x00000000080065b8       0x44 ./Drivers/STM32F4xx_HAL_Driver/Src/stm32f4xx_hal_flash.o
 .text.FLASH_SetErrorCode
                0x00000000080065fc       0xcc ./Drivers/STM32F4xx_HAL_Driver/Src/stm32f4xx_hal_flash.o
 .text.HAL_FLASHEx_Erase
                0x00000000080066c8       0xe0 ./Drivers/STM32F4xx_HAL_Driver/Src/stm32f4xx_hal_flash_ex.o
                0x00000000080066c8                HAL_FLASHEx_Erase
 .text.FLASH_MassErase
                0x00000000080067a8       0x48 ./Drivers/STM32F4xx_HAL_Driver/Src/stm32f4xx_hal_flash_ex.o
 .text.FLASH_Erase_Sector
                0x00000000080067f0       0x90 ./Drivers/STM32F4xx_HAL_Driver/Src/stm32f4xx_hal_flash_ex.o
                0x00000000080067f0                FLASH_Erase_Sector
 .text.FLASH_FlushCaches
                0x0000000008006880       0x8c ./Drivers/STM32F4xx_HAL_Driver/Src/stm32f4xx_hal_flash_ex.o
                0x0000000008006880                FLASH_FlushCaches
 .text.HAL_GPIO_Init
                0x000000000800690c      0x308 ./Drivers/STM32F4xx_HAL_Driver/Src/stm32f4xx_hal_gpio.o
                0x000000000800690c                HAL_GPIO_Init
 .text.HAL_GPIO_DeInit
                0x0000000008006c14      0x1c8 ./Drivers/STM32F4xx_HAL_Driver/Src/stm32f4xx_hal_gpio.o
                0x0000000008006c14                HAL_GPIO_DeInit
 .text.HAL_GPIO_WritePin
                0x0000000008006ddc       0x32 ./Drivers/STM32F4xx_HAL_Driver/Src/stm32f4xx_hal_gpio.o
                0x0000000008006ddc                HAL_GPIO_WritePin
 *fill*         0x0000000008006e0e        0x2 
 .text.HAL_GPIO_EXTI_IRQHandler
                0x0000000008006e10       0x30 ./Drivers/STM32F4xx_HAL_Driver/Src/stm32f4xx_hal_gpio.o
                0x0000000008006e10                HAL_GPIO_EXTI_IRQHandler
 .text.HAL_I2C_Init
                0x0000000008006e40      0x288 ./Drivers/STM32F4xx_HAL_Driver/Src/stm32f4xx_hal_i2c.o
                0x0000000008006e40                HAL_I2C_Init
 .text.HAL_I2C_Mem_Write
                0x00000000080070c8      0x1f4 ./Drivers/STM32F4xx_HAL_Driver/Src/stm32f4xx_hal_i2c.o
                0x00000000080070c8                HAL_I2C_Mem_Write
 .text.HAL_I2C_Mem_Read
                0x00000000080072bc      0x44c ./Drivers/STM32F4xx_HAL_Driver/Src/stm32f4xx_hal_i2c.o
                0x00000000080072bc                HAL_I2C_Mem_Read
 .text.I2C_RequestMemoryWrite
                0x0000000008007708      0x12c ./Drivers/STM32F4xx_HAL_Driver/Src/stm32f4xx_hal_i2c.o
 .text.I2C_RequestMemoryRead
                0x0000000008007834      0x1d0 ./Drivers/STM32F4xx_HAL_Driver/Src/stm32f4xx_hal_i2c.o
 .text.I2C_WaitOnFlagUntilTimeout
                0x0000000008007a04       0xae ./Drivers/STM32F4xx_HAL_Driver/Src/stm32f4xx_hal_i2c.o
 .text.I2C_WaitOnMasterAddressFlagUntilTimeout
                0x0000000008007ab2       0xfe ./Drivers/STM32F4xx_HAL_Driver/Src/stm32f4xx_hal_i2c.o
 .text.I2C_WaitOnTXEFlagUntilTimeout
                0x0000000008007bb0       0x82 ./Drivers/STM32F4xx_HAL_Driver/Src/stm32f4xx_hal_i2c.o
 .text.I2C_WaitOnBTFFlagUntilTimeout
                0x0000000008007c32       0x82 ./Drivers/STM32F4xx_HAL_Driver/Src/stm32f4xx_hal_i2c.o
 .text.I2C_WaitOnRXNEFlagUntilTimeout
                0x0000000008007cb4       0xac ./Drivers/STM32F4xx_HAL_Driver/Src/stm32f4xx_hal_i2c.o
 .text.I2C_IsAcknowledgeFailed
                0x0000000008007d60       0x5e ./Drivers/STM32F4xx_HAL_Driver/Src/stm32f4xx_hal_i2c.o
 *fill*         0x0000000008007dbe        0x2 
 .text.HAL_RCC_OscConfig
                0x0000000008007dc0      0x4f0 ./Drivers/STM32F4xx_HAL_Driver/Src/stm32f4xx_hal_rcc.o
                0x0000000008007dc0                HAL_RCC_OscConfig
 .text.HAL_RCC_ClockConfig
                0x00000000080082b0      0x1cc ./Drivers/STM32F4xx_HAL_Driver/Src/stm32f4xx_hal_rcc.o
                0x00000000080082b0                HAL_RCC_ClockConfig
 .text.HAL_RCC_GetSysClockFreq
                0x000000000800847c      0x18c ./Drivers/STM32F4xx_HAL_Driver/Src/stm32f4xx_hal_rcc.o
                0x000000000800847c                HAL_RCC_GetSysClockFreq
 .text.HAL_RCC_GetHCLKFreq
                0x0000000008008608       0x18 ./Drivers/STM32F4xx_HAL_Driver/Src/stm32f4xx_hal_rcc.o
                0x0000000008008608                HAL_RCC_GetHCLKFreq
 .text.HAL_RCC_GetPCLK1Freq
                0x0000000008008620       0x28 ./Drivers/STM32F4xx_HAL_Driver/Src/stm32f4xx_hal_rcc.o
                0x0000000008008620                HAL_RCC_GetPCLK1Freq
 .text.HAL_RCC_GetPCLK2Freq
                0x0000000008008648       0x28 ./Drivers/STM32F4xx_HAL_Driver/Src/stm32f4xx_hal_rcc.o
                0x0000000008008648                HAL_RCC_GetPCLK2Freq
 .text.HAL_RCCEx_PeriphCLKConfig
                0x0000000008008670      0x1e0 ./Drivers/STM32F4xx_HAL_Driver/Src/stm32f4xx_hal_rcc_ex.o
                0x0000000008008670                HAL_RCCEx_PeriphCLKConfig
 .text.HAL_RTC_Init
                0x0000000008008850       0xec ./Drivers/STM32F4xx_HAL_Driver/Src/stm32f4xx_hal_rtc.o
                0x0000000008008850                HAL_RTC_Init
 .text.HAL_RTC_SetTime
                0x000000000800893c      0x134 ./Drivers/STM32F4xx_HAL_Driver/Src/stm32f4xx_hal_rtc.o
                0x000000000800893c                HAL_RTC_SetTime
 .text.HAL_RTC_GetTime
                0x0000000008008a70       0xbc ./Drivers/STM32F4xx_HAL_Driver/Src/stm32f4xx_hal_rtc.o
                0x0000000008008a70                HAL_RTC_GetTime
 .text.HAL_RTC_SetDate
                0x0000000008008b2c      0x108 ./Drivers/STM32F4xx_HAL_Driver/Src/stm32f4xx_hal_rtc.o
                0x0000000008008b2c                HAL_RTC_SetDate
 .text.HAL_RTC_GetDate
                0x0000000008008c34       0x9e ./Drivers/STM32F4xx_HAL_Driver/Src/stm32f4xx_hal_rtc.o
                0x0000000008008c34                HAL_RTC_GetDate
 .text.HAL_RTC_WaitForSynchro
                0x0000000008008cd2       0x50 ./Drivers/STM32F4xx_HAL_Driver/Src/stm32f4xx_hal_rtc.o
                0x0000000008008cd2                HAL_RTC_WaitForSynchro
 .text.RTC_EnterInitMode
                0x0000000008008d22       0x6e ./Drivers/STM32F4xx_HAL_Driver/Src/stm32f4xx_hal_rtc.o
                0x0000000008008d22                RTC_EnterInitMode
 .text.RTC_ExitInitMode
                0x0000000008008d90       0x4a ./Drivers/STM32F4xx_HAL_Driver/Src/stm32f4xx_hal_rtc.o
                0x0000000008008d90                RTC_ExitInitMode
 .text.RTC_ByteToBcd2
                0x0000000008008dda       0x3a ./Drivers/STM32F4xx_HAL_Driver/Src/stm32f4xx_hal_rtc.o
                0x0000000008008dda                RTC_ByteToBcd2
 .text.RTC_Bcd2ToByte
                0x0000000008008e14       0x38 ./Drivers/STM32F4xx_HAL_Driver/Src/stm32f4xx_hal_rtc.o
                0x0000000008008e14                RTC_Bcd2ToByte
 .text.HAL_SPI_Init
                0x0000000008008e4c      0x112 ./Drivers/STM32F4xx_HAL_Driver/Src/stm32f4xx_hal_spi.o
                0x0000000008008e4c                HAL_SPI_Init
 .text.HAL_TIM_Base_Init
                0x0000000008008f5e       0x9e ./Drivers/STM32F4xx_HAL_Driver/Src/stm32f4xx_hal_tim.o
                0x0000000008008f5e                HAL_TIM_Base_Init
 .text.HAL_TIM_PWM_Init
                0x0000000008008ffc       0x9e ./Drivers/STM32F4xx_HAL_Driver/Src/stm32f4xx_hal_tim.o
                0x0000000008008ffc                HAL_TIM_PWM_Init
 .text.HAL_TIM_PWM_MspInit
                0x000000000800909a       0x14 ./Drivers/STM32F4xx_HAL_Driver/Src/stm32f4xx_hal_tim.o
                0x000000000800909a                HAL_TIM_PWM_MspInit
 *fill*         0x00000000080090ae        0x2 
 .text.HAL_TIM_PWM_Start_DMA
                0x00000000080090b0      0x360 ./Drivers/STM32F4xx_HAL_Driver/Src/stm32f4xx_hal_tim.o
                0x00000000080090b0                HAL_TIM_PWM_Start_DMA
 .text.HAL_TIM_PWM_Stop_DMA
                0x0000000008009410      0x18c ./Drivers/STM32F4xx_HAL_Driver/Src/stm32f4xx_hal_tim.o
                0x0000000008009410                HAL_TIM_PWM_Stop_DMA
 .text.HAL_TIM_IRQHandler
                0x000000000800959c      0x210 ./Drivers/STM32F4xx_HAL_Driver/Src/stm32f4xx_hal_tim.o
                0x000000000800959c                HAL_TIM_IRQHandler
 .text.HAL_TIM_PWM_ConfigChannel
                0x00000000080097ac      0x184 ./Drivers/STM32F4xx_HAL_Driver/Src/stm32f4xx_hal_tim.o
                0x00000000080097ac                HAL_TIM_PWM_ConfigChannel
 .text.HAL_TIM_ConfigClockSource
                0x0000000008009930      0x18e ./Drivers/STM32F4xx_HAL_Driver/Src/stm32f4xx_hal_tim.o
                0x0000000008009930                HAL_TIM_ConfigClockSource
 .text.HAL_TIM_OC_DelayElapsedCallback
                0x0000000008009abe       0x14 ./Drivers/STM32F4xx_HAL_Driver/Src/stm32f4xx_hal_tim.o
                0x0000000008009abe                HAL_TIM_OC_DelayElapsedCallback
 .text.HAL_TIM_IC_CaptureCallback
                0x0000000008009ad2       0x14 ./Drivers/STM32F4xx_HAL_Driver/Src/stm32f4xx_hal_tim.o
                0x0000000008009ad2                HAL_TIM_IC_CaptureCallback
 .text.HAL_TIM_TriggerCallback
                0x0000000008009ae6       0x14 ./Drivers/STM32F4xx_HAL_Driver/Src/stm32f4xx_hal_tim.o
                0x0000000008009ae6                HAL_TIM_TriggerCallback
 .text.HAL_TIM_ErrorCallback
                0x0000000008009afa       0x14 ./Drivers/STM32F4xx_HAL_Driver/Src/stm32f4xx_hal_tim.o
                0x0000000008009afa                HAL_TIM_ErrorCallback
 .text.TIM_DMAError
                0x0000000008009b0e       0x92 ./Drivers/STM32F4xx_HAL_Driver/Src/stm32f4xx_hal_tim.o
                0x0000000008009b0e                TIM_DMAError
 .text.TIM_DMADelayPulseCplt
                0x0000000008009ba0       0xa8 ./Drivers/STM32F4xx_HAL_Driver/Src/stm32f4xx_hal_tim.o
 .text.TIM_DMADelayPulseHalfCplt
                0x0000000008009c48       0x68 ./Drivers/STM32F4xx_HAL_Driver/Src/stm32f4xx_hal_tim.o
                0x0000000008009c48                TIM_DMADelayPulseHalfCplt
 .text.TIM_Base_SetConfig
                0x0000000008009cb0      0x100 ./Drivers/STM32F4xx_HAL_Driver/Src/stm32f4xx_hal_tim.o
                0x0000000008009cb0                TIM_Base_SetConfig
 .text.TIM_OC1_SetConfig
                0x0000000008009db0       0xcc ./Drivers/STM32F4xx_HAL_Driver/Src/stm32f4xx_hal_tim.o
 .text.TIM_OC2_SetConfig
                0x0000000008009e7c       0xd8 ./Drivers/STM32F4xx_HAL_Driver/Src/stm32f4xx_hal_tim.o
                0x0000000008009e7c                TIM_OC2_SetConfig
 .text.TIM_OC3_SetConfig
                0x0000000008009f54       0xd4 ./Drivers/STM32F4xx_HAL_Driver/Src/stm32f4xx_hal_tim.o
 .text.TIM_OC4_SetConfig
                0x000000000800a028       0xa0 ./Drivers/STM32F4xx_HAL_Driver/Src/stm32f4xx_hal_tim.o
 .text.TIM_TI1_ConfigInputStage
                0x000000000800a0c8       0x5e ./Drivers/STM32F4xx_HAL_Driver/Src/stm32f4xx_hal_tim.o
 .text.TIM_TI2_ConfigInputStage
                0x000000000800a126       0x60 ./Drivers/STM32F4xx_HAL_Driver/Src/stm32f4xx_hal_tim.o
 .text.TIM_ITRx_SetConfig
                0x000000000800a186       0x36 ./Drivers/STM32F4xx_HAL_Driver/Src/stm32f4xx_hal_tim.o
 .text.TIM_ETR_SetConfig
                0x000000000800a1bc       0x40 ./Drivers/STM32F4xx_HAL_Driver/Src/stm32f4xx_hal_tim.o
                0x000000000800a1bc                TIM_ETR_SetConfig
 .text.TIM_CCxChannelCmd
                0x000000000800a1fc       0x4a ./Drivers/STM32F4xx_HAL_Driver/Src/stm32f4xx_hal_tim.o
                0x000000000800a1fc                TIM_CCxChannelCmd
 *fill*         0x000000000800a246        0x2 
 .text.HAL_TIMEx_MasterConfigSynchronization
                0x000000000800a248       0xdc ./Drivers/STM32F4xx_HAL_Driver/Src/stm32f4xx_hal_tim_ex.o
                0x000000000800a248                HAL_TIMEx_MasterConfigSynchronization
 .text.HAL_TIMEx_ConfigBreakDeadTime
                0x000000000800a324       0xa4 ./Drivers/STM32F4xx_HAL_Driver/Src/stm32f4xx_hal_tim_ex.o
                0x000000000800a324                HAL_TIMEx_ConfigBreakDeadTime
 .text.HAL_TIMEx_CommutCallback
                0x000000000800a3c8       0x14 ./Drivers/STM32F4xx_HAL_Driver/Src/stm32f4xx_hal_tim_ex.o
                0x000000000800a3c8                HAL_TIMEx_CommutCallback
 .text.HAL_TIMEx_BreakCallback
                0x000000000800a3dc       0x14 ./Drivers/STM32F4xx_HAL_Driver/Src/stm32f4xx_hal_tim_ex.o
                0x000000000800a3dc                HAL_TIMEx_BreakCallback
 .text.HAL_UART_Init
                0x000000000800a3f0       0x9a ./Drivers/STM32F4xx_HAL_Driver/Src/stm32f4xx_hal_uart.o
                0x000000000800a3f0                HAL_UART_Init
 .text.HAL_UART_Transmit
                0x000000000800a48a      0x124 ./Drivers/STM32F4xx_HAL_Driver/Src/stm32f4xx_hal_uart.o
                0x000000000800a48a                HAL_UART_Transmit
 .text.HAL_UART_Receive_IT
                0x000000000800a5ae       0x60 ./Drivers/STM32F4xx_HAL_Driver/Src/stm32f4xx_hal_uart.o
                0x000000000800a5ae                HAL_UART_Receive_IT
 *fill*         0x000000000800a60e        0x2 
 .text.HAL_UART_IRQHandler
                0x000000000800a610      0x51c ./Drivers/STM32F4xx_HAL_Driver/Src/stm32f4xx_hal_uart.o
                0x000000000800a610                HAL_UART_IRQHandler
 .text.HAL_UART_TxCpltCallback
                0x000000000800ab2c       0x14 ./Drivers/STM32F4xx_HAL_Driver/Src/stm32f4xx_hal_uart.o
                0x000000000800ab2c                HAL_UART_TxCpltCallback
 .text.HAL_UART_ErrorCallback
                0x000000000800ab40       0x14 ./Drivers/STM32F4xx_HAL_Driver/Src/stm32f4xx_hal_uart.o
                0x000000000800ab40                HAL_UART_ErrorCallback
 .text.HAL_UARTEx_RxEventCallback
                0x000000000800ab54       0x18 ./Drivers/STM32F4xx_HAL_Driver/Src/stm32f4xx_hal_uart.o
                0x000000000800ab54                HAL_UARTEx_RxEventCallback
 .text.UART_WaitOnFlagUntilTimeout
                0x000000000800ab6c       0xdc ./Drivers/STM32F4xx_HAL_Driver/Src/stm32f4xx_hal_uart.o
 .text.UART_Start_Receive_IT
                0x000000000800ac48       0x7c ./Drivers/STM32F4xx_HAL_Driver/Src/stm32f4xx_hal_uart.o
                0x000000000800ac48                UART_Start_Receive_IT
 .text.UART_EndRxTransfer
                0x000000000800acc4       0xc6 ./Drivers/STM32F4xx_HAL_Driver/Src/stm32f4xx_hal_uart.o
 .text.UART_DMAAbortOnError
                0x000000000800ad8a       0x28 ./Drivers/STM32F4xx_HAL_Driver/Src/stm32f4xx_hal_uart.o
 .text.UART_Transmit_IT
                0x000000000800adb2       0xa0 ./Drivers/STM32F4xx_HAL_Driver/Src/stm32f4xx_hal_uart.o
 .text.UART_EndTransmit_IT
                0x000000000800ae52       0x30 ./Drivers/STM32F4xx_HAL_Driver/Src/stm32f4xx_hal_uart.o
 .text.UART_Receive_IT
                0x000000000800ae82      0x176 ./Drivers/STM32F4xx_HAL_Driver/Src/stm32f4xx_hal_uart.o
 .text.UART_SetConfig
                0x000000000800aff8      0x4e8 ./Drivers/STM32F4xx_HAL_Driver/Src/stm32f4xx_hal_uart.o
 .text.atoi     0x000000000800b4e0        0x8 c:/st/stm32cubeide_1.6.1/stm32cubeide/plugins/com.st.stm32cube.ide.mcu.externaltools.gnu-tools-for-stm32.10.3-2021.10.win32_1.0.0.202111181127/tools/bin/../lib/gcc/arm-none-eabi/10.3.1/../../../../arm-none-eabi/lib/thumb/v7e-m+fp/hard\libc_nano.a(lib_a-atoi.o)
                0x000000000800b4e0                atoi
 .text.difftime
                0x000000000800b4e8       0x12 c:/st/stm32cubeide_1.6.1/stm32cubeide/plugins/com.st.stm32cube.ide.mcu.externaltools.gnu-tools-for-stm32.10.3-2021.10.win32_1.0.0.202111181127/tools/bin/../lib/gcc/arm-none-eabi/10.3.1/../../../../arm-none-eabi/lib/thumb/v7e-m+fp/hard\libc_nano.a(lib_a-difftime.o)
                0x000000000800b4e8                difftime
 *fill*         0x000000000800b4fa        0x2 
 .text.__errno  0x000000000800b4fc        0xc c:/st/stm32cubeide_1.6.1/stm32cubeide/plugins/com.st.stm32cube.ide.mcu.externaltools.gnu-tools-for-stm32.10.3-2021.10.win32_1.0.0.202111181127/tools/bin/../lib/gcc/arm-none-eabi/10.3.1/../../../../arm-none-eabi/lib/thumb/v7e-m+fp/hard\libc_nano.a(lib_a-errno.o)
                0x000000000800b4fc                __errno
 .text.gmtime   0x000000000800b508       0x3c c:/st/stm32cubeide_1.6.1/stm32cubeide/plugins/com.st.stm32cube.ide.mcu.externaltools.gnu-tools-for-stm32.10.3-2021.10.win32_1.0.0.202111181127/tools/bin/../lib/gcc/arm-none-eabi/10.3.1/../../../../arm-none-eabi/lib/thumb/v7e-m+fp/hard\libc_nano.a(lib_a-gmtime.o)
                0x000000000800b508                gmtime
 .text.gmtime_r
                0x000000000800b544      0x158 c:/st/stm32cubeide_1.6.1/stm32cubeide/plugins/com.st.stm32cube.ide.mcu.externaltools.gnu-tools-for-stm32.10.3-2021.10.win32_1.0.0.202111181127/tools/bin/../lib/gcc/arm-none-eabi/10.3.1/../../../../arm-none-eabi/lib/thumb/v7e-m+fp/hard\libc_nano.a(lib_a-gmtime_r.o)
                0x000000000800b544                gmtime_r
 .text.__libc_init_array
                0x000000000800b69c       0x48 c:/st/stm32cubeide_1.6.1/stm32cubeide/plugins/com.st.stm32cube.ide.mcu.externaltools.gnu-tools-for-stm32.10.3-2021.10.win32_1.0.0.202111181127/tools/bin/../lib/gcc/arm-none-eabi/10.3.1/../../../../arm-none-eabi/lib/thumb/v7e-m+fp/hard\libc_nano.a(lib_a-init.o)
                0x000000000800b69c                __libc_init_array
 .text.malloc   0x000000000800b6e4       0x10 c:/st/stm32cubeide_1.6.1/stm32cubeide/plugins/com.st.stm32cube.ide.mcu.externaltools.gnu-tools-for-stm32.10.3-2021.10.win32_1.0.0.202111181127/tools/bin/../lib/gcc/arm-none-eabi/10.3.1/../../../../arm-none-eabi/lib/thumb/v7e-m+fp/hard\libc_nano.a(lib_a-malloc.o)
                0x000000000800b6e4                malloc
 .text.free     0x000000000800b6f4       0x10 c:/st/stm32cubeide_1.6.1/stm32cubeide/plugins/com.st.stm32cube.ide.mcu.externaltools.gnu-tools-for-stm32.10.3-2021.10.win32_1.0.0.202111181127/tools/bin/../lib/gcc/arm-none-eabi/10.3.1/../../../../arm-none-eabi/lib/thumb/v7e-m+fp/hard\libc_nano.a(lib_a-malloc.o)
                0x000000000800b6f4                free
 .text.memset   0x000000000800b704       0x10 c:/st/stm32cubeide_1.6.1/stm32cubeide/plugins/com.st.stm32cube.ide.mcu.externaltools.gnu-tools-for-stm32.10.3-2021.10.win32_1.0.0.202111181127/tools/bin/../lib/gcc/arm-none-eabi/10.3.1/../../../../arm-none-eabi/lib/thumb/v7e-m+fp/hard\libc_nano.a(lib_a-memset.o)
                0x000000000800b704                memset
 .text.validate_structure
                0x000000000800b714      0x1b0 c:/st/stm32cubeide_1.6.1/stm32cubeide/plugins/com.st.stm32cube.ide.mcu.externaltools.gnu-tools-for-stm32.10.3-2021.10.win32_1.0.0.202111181127/tools/bin/../lib/gcc/arm-none-eabi/10.3.1/../../../../arm-none-eabi/lib/thumb/v7e-m+fp/hard\libc_nano.a(lib_a-mktime.o)
 .text.mktime   0x000000000800b8c4      0x334 c:/st/stm32cubeide_1.6.1/stm32cubeide/plugins/com.st.stm32cube.ide.mcu.externaltools.gnu-tools-for-stm32.10.3-2021.10.win32_1.0.0.202111181127/tools/bin/../lib/gcc/arm-none-eabi/10.3.1/../../../../arm-none-eabi/lib/thumb/v7e-m+fp/hard\libc_nano.a(lib_a-mktime.o)
                0x000000000800b8c4                mktime
 .text._free_r  0x000000000800bbf8       0x98 c:/st/stm32cubeide_1.6.1/stm32cubeide/plugins/com.st.stm32cube.ide.mcu.externaltools.gnu-tools-for-stm32.10.3-2021.10.win32_1.0.0.202111181127/tools/bin/../lib/gcc/arm-none-eabi/10.3.1/../../../../arm-none-eabi/lib/thumb/v7e-m+fp/hard\libc_nano.a(lib_a-nano-freer.o)
                0x000000000800bbf8                _free_r
 .text.sbrk_aligned
                0x000000000800bc90       0x40 c:/st/stm32cubeide_1.6.1/stm32cubeide/plugins/com.st.stm32cube.ide.mcu.externaltools.gnu-tools-for-stm32.10.3-2021.10.win32_1.0.0.202111181127/tools/bin/../lib/gcc/arm-none-eabi/10.3.1/../../../../arm-none-eabi/lib/thumb/v7e-m+fp/hard\libc_nano.a(lib_a-nano-mallocr.o)
 .text._malloc_r
                0x000000000800bcd0       0xe8 c:/st/stm32cubeide_1.6.1/stm32cubeide/plugins/com.st.stm32cube.ide.mcu.externaltools.gnu-tools-for-stm32.10.3-2021.10.win32_1.0.0.202111181127/tools/bin/../lib/gcc/arm-none-eabi/10.3.1/../../../../arm-none-eabi/lib/thumb/v7e-m+fp/hard\libc_nano.a(lib_a-nano-mallocr.o)
                0x000000000800bcd0                _malloc_r
 .text.__cvt    0x000000000800bdb8       0xc4 c:/st/stm32cubeide_1.6.1/stm32cubeide/plugins/com.st.stm32cube.ide.mcu.externaltools.gnu-tools-for-stm32.10.3-2021.10.win32_1.0.0.202111181127/tools/bin/../lib/gcc/arm-none-eabi/10.3.1/../../../../arm-none-eabi/lib/thumb/v7e-m+fp/hard\libc_nano.a(lib_a-nano-vfprintf_float.o)
                0x000000000800bdb8                __cvt
 .text.__exponent
                0x000000000800be7c       0x7c c:/st/stm32cubeide_1.6.1/stm32cubeide/plugins/com.st.stm32cube.ide.mcu.externaltools.gnu-tools-for-stm32.10.3-2021.10.win32_1.0.0.202111181127/tools/bin/../lib/gcc/arm-none-eabi/10.3.1/../../../../arm-none-eabi/lib/thumb/v7e-m+fp/hard\libc_nano.a(lib_a-nano-vfprintf_float.o)
                0x000000000800be7c                __exponent
 .text._printf_float
                0x000000000800bef8      0x46c c:/st/stm32cubeide_1.6.1/stm32cubeide/plugins/com.st.stm32cube.ide.mcu.externaltools.gnu-tools-for-stm32.10.3-2021.10.win32_1.0.0.202111181127/tools/bin/../lib/gcc/arm-none-eabi/10.3.1/../../../../arm-none-eabi/lib/thumb/v7e-m+fp/hard\libc_nano.a(lib_a-nano-vfprintf_float.o)
                0x000000000800bef8                _printf_float
 .text._printf_common
                0x000000000800c364       0xda c:/st/stm32cubeide_1.6.1/stm32cubeide/plugins/com.st.stm32cube.ide.mcu.externaltools.gnu-tools-for-stm32.10.3-2021.10.win32_1.0.0.202111181127/tools/bin/../lib/gcc/arm-none-eabi/10.3.1/../../../../arm-none-eabi/lib/thumb/v7e-m+fp/hard\libc_nano.a(lib_a-nano-vfprintf_i.o)
                0x000000000800c364                _printf_common
 *fill*         0x000000000800c43e        0x2 
 .text._printf_i
                0x000000000800c440      0x24c c:/st/stm32cubeide_1.6.1/stm32cubeide/plugins/com.st.stm32cube.ide.mcu.externaltools.gnu-tools-for-stm32.10.3-2021.10.win32_1.0.0.202111181127/tools/bin/../lib/gcc/arm-none-eabi/10.3.1/../../../../arm-none-eabi/lib/thumb/v7e-m+fp/hard\libc_nano.a(lib_a-nano-vfprintf_i.o)
                0x000000000800c440                _printf_i
 .text._sbrk_r  0x000000000800c68c       0x20 c:/st/stm32cubeide_1.6.1/stm32cubeide/plugins/com.st.stm32cube.ide.mcu.externaltools.gnu-tools-for-stm32.10.3-2021.10.win32_1.0.0.202111181127/tools/bin/../lib/gcc/arm-none-eabi/10.3.1/../../../../arm-none-eabi/lib/thumb/v7e-m+fp/hard\libc_nano.a(lib_a-sbrkr.o)
                0x000000000800c68c                _sbrk_r
 .text.sprintf  0x000000000800c6ac       0x40 c:/st/stm32cubeide_1.6.1/stm32cubeide/plugins/com.st.stm32cube.ide.mcu.externaltools.gnu-tools-for-stm32.10.3-2021.10.win32_1.0.0.202111181127/tools/bin/../lib/gcc/arm-none-eabi/10.3.1/../../../../arm-none-eabi/lib/thumb/v7e-m+fp/hard\libc_nano.a(lib_a-sprintf.o)
                0x000000000800c6ac                siprintf
                0x000000000800c6ac                sprintf
 .text.sscanf   0x000000000800c6ec       0x58 c:/st/stm32cubeide_1.6.1/stm32cubeide/plugins/com.st.stm32cube.ide.mcu.externaltools.gnu-tools-for-stm32.10.3-2021.10.win32_1.0.0.202111181127/tools/bin/../lib/gcc/arm-none-eabi/10.3.1/../../../../arm-none-eabi/lib/thumb/v7e-m+fp/hard\libc_nano.a(lib_a-sscanf.o)
                0x000000000800c6ec                siscanf
                0x000000000800c6ec                sscanf
 .text.__sread  0x000000000800c744       0x22 c:/st/stm32cubeide_1.6.1/stm32cubeide/plugins/com.st.stm32cube.ide.mcu.externaltools.gnu-tools-for-stm32.10.3-2021.10.win32_1.0.0.202111181127/tools/bin/../lib/gcc/arm-none-eabi/10.3.1/../../../../arm-none-eabi/lib/thumb/v7e-m+fp/hard\libc_nano.a(lib_a-stdio.o)
                0x000000000800c744                __sread
 .text.__seofread
                0x000000000800c766        0x4 c:/st/stm32cubeide_1.6.1/stm32cubeide/plugins/com.st.stm32cube.ide.mcu.externaltools.gnu-tools-for-stm32.10.3-2021.10.win32_1.0.0.202111181127/tools/bin/../lib/gcc/arm-none-eabi/10.3.1/../../../../arm-none-eabi/lib/thumb/v7e-m+fp/hard\libc_nano.a(lib_a-stdio.o)
                0x000000000800c766                __seofread
 .text.__swrite
                0x000000000800c76a       0x38 c:/st/stm32cubeide_1.6.1/stm32cubeide/plugins/com.st.stm32cube.ide.mcu.externaltools.gnu-tools-for-stm32.10.3-2021.10.win32_1.0.0.202111181127/tools/bin/../lib/gcc/arm-none-eabi/10.3.1/../../../../arm-none-eabi/lib/thumb/v7e-m+fp/hard\libc_nano.a(lib_a-stdio.o)
                0x000000000800c76a                __swrite
 .text.__sseek  0x000000000800c7a2       0x24 c:/st/stm32cubeide_1.6.1/stm32cubeide/plugins/com.st.stm32cube.ide.mcu.externaltools.gnu-tools-for-stm32.10.3-2021.10.win32_1.0.0.202111181127/tools/bin/../lib/gcc/arm-none-eabi/10.3.1/../../../../arm-none-eabi/lib/thumb/v7e-m+fp/hard\libc_nano.a(lib_a-stdio.o)
                0x000000000800c7a2                __sseek
 .text.__sclose
                0x000000000800c7c6        0x8 c:/st/stm32cubeide_1.6.1/stm32cubeide/plugins/com.st.stm32cube.ide.mcu.externaltools.gnu-tools-for-stm32.10.3-2021.10.win32_1.0.0.202111181127/tools/bin/../lib/gcc/arm-none-eabi/10.3.1/../../../../arm-none-eabi/lib/thumb/v7e-m+fp/hard\libc_nano.a(lib_a-stdio.o)
                0x000000000800c7c6                __sclose
 .text.strchr   0x000000000800c7ce       0x1a c:/st/stm32cubeide_1.6.1/stm32cubeide/plugins/com.st.stm32cube.ide.mcu.externaltools.gnu-tools-for-stm32.10.3-2021.10.win32_1.0.0.202111181127/tools/bin/../lib/gcc/arm-none-eabi/10.3.1/../../../../arm-none-eabi/lib/thumb/v7e-m+fp/hard\libc_nano.a(lib_a-strchr.o)
                0x000000000800c7ce                strchr
 .text.strcpy   0x000000000800c7e8       0x10 c:/st/stm32cubeide_1.6.1/stm32cubeide/plugins/com.st.stm32cube.ide.mcu.externaltools.gnu-tools-for-stm32.10.3-2021.10.win32_1.0.0.202111181127/tools/bin/../lib/gcc/arm-none-eabi/10.3.1/../../../../arm-none-eabi/lib/thumb/v7e-m+fp/hard\libc_nano.a(lib_a-strcpy.o)
                0x000000000800c7e8                strcpy
 .text.strncmp  0x000000000800c7f8       0x28 c:/st/stm32cubeide_1.6.1/stm32cubeide/plugins/com.st.stm32cube.ide.mcu.externaltools.gnu-tools-for-stm32.10.3-2021.10.win32_1.0.0.202111181127/tools/bin/../lib/gcc/arm-none-eabi/10.3.1/../../../../arm-none-eabi/lib/thumb/v7e-m+fp/hard\libc_nano.a(lib_a-strncmp.o)
                0x000000000800c7f8                strncmp
 .text._strtol_l.constprop.0
                0x000000000800c820      0x104 c:/st/stm32cubeide_1.6.1/stm32cubeide/plugins/com.st.stm32cube.ide.mcu.externaltools.gnu-tools-for-stm32.10.3-2021.10.win32_1.0.0.202111181127/tools/bin/../lib/gcc/arm-none-eabi/10.3.1/../../../../arm-none-eabi/lib/thumb/v7e-m+fp/hard\libc_nano.a(lib_a-strtol.o)
 .text._strtol_r
                0x000000000800c924        0x4 c:/st/stm32cubeide_1.6.1/stm32cubeide/plugins/com.st.stm32cube.ide.mcu.externaltools.gnu-tools-for-stm32.10.3-2021.10.win32_1.0.0.202111181127/tools/bin/../lib/gcc/arm-none-eabi/10.3.1/../../../../arm-none-eabi/lib/thumb/v7e-m+fp/hard\libc_nano.a(lib_a-strtol.o)
                0x000000000800c924                _strtol_r
 .text.strtol   0x000000000800c928       0x14 c:/st/stm32cubeide_1.6.1/stm32cubeide/plugins/com.st.stm32cube.ide.mcu.externaltools.gnu-tools-for-stm32.10.3-2021.10.win32_1.0.0.202111181127/tools/bin/../lib/gcc/arm-none-eabi/10.3.1/../../../../arm-none-eabi/lib/thumb/v7e-m+fp/hard\libc_nano.a(lib_a-strtol.o)
                0x000000000800c928                strtol
 .text.__tzcalc_limits
                0x000000000800c93c      0x154 c:/st/stm32cubeide_1.6.1/stm32cubeide/plugins/com.st.stm32cube.ide.mcu.externaltools.gnu-tools-for-stm32.10.3-2021.10.win32_1.0.0.202111181127/tools/bin/../lib/gcc/arm-none-eabi/10.3.1/../../../../arm-none-eabi/lib/thumb/v7e-m+fp/hard\libc_nano.a(lib_a-tzcalc_limits.o)
                0x000000000800c93c                __tzcalc_limits
 .text.__tz_lock
                0x000000000800ca90        0xc c:/st/stm32cubeide_1.6.1/stm32cubeide/plugins/com.st.stm32cube.ide.mcu.externaltools.gnu-tools-for-stm32.10.3-2021.10.win32_1.0.0.202111181127/tools/bin/../lib/gcc/arm-none-eabi/10.3.1/../../../../arm-none-eabi/lib/thumb/v7e-m+fp/hard\libc_nano.a(lib_a-tzlock.o)
                0x000000000800ca90                __tz_lock
 .text.__tz_unlock
                0x000000000800ca9c        0xc c:/st/stm32cubeide_1.6.1/stm32cubeide/plugins/com.st.stm32cube.ide.mcu.externaltools.gnu-tools-for-stm32.10.3-2021.10.win32_1.0.0.202111181127/tools/bin/../lib/gcc/arm-none-eabi/10.3.1/../../../../arm-none-eabi/lib/thumb/v7e-m+fp/hard\libc_nano.a(lib_a-tzlock.o)
                0x000000000800ca9c                __tz_unlock
 .text._tzset_unlocked
                0x000000000800caa8        0xc c:/st/stm32cubeide_1.6.1/stm32cubeide/plugins/com.st.stm32cube.ide.mcu.externaltools.gnu-tools-for-stm32.10.3-2021.10.win32_1.0.0.202111181127/tools/bin/../lib/gcc/arm-none-eabi/10.3.1/../../../../arm-none-eabi/lib/thumb/v7e-m+fp/hard\libc_nano.a(lib_a-tzset.o)
                0x000000000800caa8                _tzset_unlocked
 .text._tzset_unlocked_r
                0x000000000800cab4      0x300 c:/st/stm32cubeide_1.6.1/stm32cubeide/plugins/com.st.stm32cube.ide.mcu.externaltools.gnu-tools-for-stm32.10.3-2021.10.win32_1.0.0.202111181127/tools/bin/../lib/gcc/arm-none-eabi/10.3.1/../../../../arm-none-eabi/lib/thumb/v7e-m+fp/hard\libc_nano.a(lib_a-tzset_r.o)
                0x000000000800cab4                _tzset_unlocked_r
 .text._write_r
                0x000000000800cdb4       0x24 c:/st/stm32cubeide_1.6.1/stm32cubeide/plugins/com.st.stm32cube.ide.mcu.externaltools.gnu-tools-for-stm32.10.3-2021.10.win32_1.0.0.202111181127/tools/bin/../lib/gcc/arm-none-eabi/10.3.1/../../../../arm-none-eabi/lib/thumb/v7e-m+fp/hard\libc_nano.a(lib_a-writer.o)
                0x000000000800cdb4                _write_r
 .text.__assert_func
                0x000000000800cdd8       0x3c c:/st/stm32cubeide_1.6.1/stm32cubeide/plugins/com.st.stm32cube.ide.mcu.externaltools.gnu-tools-for-stm32.10.3-2021.10.win32_1.0.0.202111181127/tools/bin/../lib/gcc/arm-none-eabi/10.3.1/../../../../arm-none-eabi/lib/thumb/v7e-m+fp/hard\libc_nano.a(lib_a-assert.o)
                0x000000000800cdd8                __assert_func
 .text._close_r
                0x000000000800ce14       0x20 c:/st/stm32cubeide_1.6.1/stm32cubeide/plugins/com.st.stm32cube.ide.mcu.externaltools.gnu-tools-for-stm32.10.3-2021.10.win32_1.0.0.202111181127/tools/bin/../lib/gcc/arm-none-eabi/10.3.1/../../../../arm-none-eabi/lib/thumb/v7e-m+fp/hard\libc_nano.a(lib_a-closer.o)
                0x000000000800ce14                _close_r
 .text.div      0x000000000800ce34       0x28 c:/st/stm32cubeide_1.6.1/stm32cubeide/plugins/com.st.stm32cube.ide.mcu.externaltools.gnu-tools-for-stm32.10.3-2021.10.win32_1.0.0.202111181127/tools/bin/../lib/gcc/arm-none-eabi/10.3.1/../../../../arm-none-eabi/lib/thumb/v7e-m+fp/hard\libc_nano.a(lib_a-div.o)
                0x000000000800ce34                div
 .text.quorem   0x000000000800ce5c      0x116 c:/st/stm32cubeide_1.6.1/stm32cubeide/plugins/com.st.stm32cube.ide.mcu.externaltools.gnu-tools-for-stm32.10.3-2021.10.win32_1.0.0.202111181127/tools/bin/../lib/gcc/arm-none-eabi/10.3.1/../../../../arm-none-eabi/lib/thumb/v7e-m+fp/hard\libc_nano.a(lib_a-dtoa.o)
 *fill*         0x000000000800cf72        0x6 
 .text._dtoa_r  0x000000000800cf78      0xbdc c:/st/stm32cubeide_1.6.1/stm32cubeide/plugins/com.st.stm32cube.ide.mcu.externaltools.gnu-tools-for-stm32.10.3-2021.10.win32_1.0.0.202111181127/tools/bin/../lib/gcc/arm-none-eabi/10.3.1/../../../../arm-none-eabi/lib/thumb/v7e-m+fp/hard\libc_nano.a(lib_a-dtoa.o)
                0x000000000800cf78                _dtoa_r
 .text.fprintf  0x000000000800db54       0x24 c:/st/stm32cubeide_1.6.1/stm32cubeide/plugins/com.st.stm32cube.ide.mcu.externaltools.gnu-tools-for-stm32.10.3-2021.10.win32_1.0.0.202111181127/tools/bin/../lib/gcc/arm-none-eabi/10.3.1/../../../../arm-none-eabi/lib/thumb/v7e-m+fp/hard\libc_nano.a(lib_a-fprintf.o)
                0x000000000800db54                fiprintf
                0x000000000800db54                fprintf
 .text._findenv_r
                0x000000000800db78       0x78 c:/st/stm32cubeide_1.6.1/stm32cubeide/plugins/com.st.stm32cube.ide.mcu.externaltools.gnu-tools-for-stm32.10.3-2021.10.win32_1.0.0.202111181127/tools/bin/../lib/gcc/arm-none-eabi/10.3.1/../../../../arm-none-eabi/lib/thumb/v7e-m+fp/hard\libc_nano.a(lib_a-getenv_r.o)
                0x000000000800db78                _findenv_r
 .text._getenv_r
                0x000000000800dbf0        0xe c:/st/stm32cubeide_1.6.1/stm32cubeide/plugins/com.st.stm32cube.ide.mcu.externaltools.gnu-tools-for-stm32.10.3-2021.10.win32_1.0.0.202111181127/tools/bin/../lib/gcc/arm-none-eabi/10.3.1/../../../../arm-none-eabi/lib/thumb/v7e-m+fp/hard\libc_nano.a(lib_a-getenv_r.o)
                0x000000000800dbf0                _getenv_r
 *fill*         0x000000000800dbfe        0x2 
 .text.__gettzinfo
                0x000000000800dc00        0x8 c:/st/stm32cubeide_1.6.1/stm32cubeide/plugins/com.st.stm32cube.ide.mcu.externaltools.gnu-tools-for-stm32.10.3-2021.10.win32_1.0.0.202111181127/tools/bin/../lib/gcc/arm-none-eabi/10.3.1/../../../../arm-none-eabi/lib/thumb/v7e-m+fp/hard\libc_nano.a(lib_a-gettzinfo.o)
                0x000000000800dc00                __gettzinfo
 .text._localeconv_r
                0x000000000800dc08        0x8 c:/st/stm32cubeide_1.6.1/stm32cubeide/plugins/com.st.stm32cube.ide.mcu.externaltools.gnu-tools-for-stm32.10.3-2021.10.win32_1.0.0.202111181127/tools/bin/../lib/gcc/arm-none-eabi/10.3.1/../../../../arm-none-eabi/lib/thumb/v7e-m+fp/hard\libc_nano.a(lib_a-localeconv.o)
                0x000000000800dc08                _localeconv_r
 .text.__retarget_lock_init_recursive
                0x000000000800dc10        0x2 c:/st/stm32cubeide_1.6.1/stm32cubeide/plugins/com.st.stm32cube.ide.mcu.externaltools.gnu-tools-for-stm32.10.3-2021.10.win32_1.0.0.202111181127/tools/bin/../lib/gcc/arm-none-eabi/10.3.1/../../../../arm-none-eabi/lib/thumb/v7e-m+fp/hard\libc_nano.a(lib_a-lock.o)
                0x000000000800dc10                __retarget_lock_init_recursive
 .text.__retarget_lock_acquire
                0x000000000800dc12        0x2 c:/st/stm32cubeide_1.6.1/stm32cubeide/plugins/com.st.stm32cube.ide.mcu.externaltools.gnu-tools-for-stm32.10.3-2021.10.win32_1.0.0.202111181127/tools/bin/../lib/gcc/arm-none-eabi/10.3.1/../../../../arm-none-eabi/lib/thumb/v7e-m+fp/hard\libc_nano.a(lib_a-lock.o)
                0x000000000800dc12                __retarget_lock_acquire
 .text.__retarget_lock_acquire_recursive
                0x000000000800dc14        0x2 c:/st/stm32cubeide_1.6.1/stm32cubeide/plugins/com.st.stm32cube.ide.mcu.externaltools.gnu-tools-for-stm32.10.3-2021.10.win32_1.0.0.202111181127/tools/bin/../lib/gcc/arm-none-eabi/10.3.1/../../../../arm-none-eabi/lib/thumb/v7e-m+fp/hard\libc_nano.a(lib_a-lock.o)
                0x000000000800dc14                __retarget_lock_acquire_recursive
 .text.__retarget_lock_release
                0x000000000800dc16        0x2 c:/st/stm32cubeide_1.6.1/stm32cubeide/plugins/com.st.stm32cube.ide.mcu.externaltools.gnu-tools-for-stm32.10.3-2021.10.win32_1.0.0.202111181127/tools/bin/../lib/gcc/arm-none-eabi/10.3.1/../../../../arm-none-eabi/lib/thumb/v7e-m+fp/hard\libc_nano.a(lib_a-lock.o)
                0x000000000800dc16                __retarget_lock_release
 .text.__retarget_lock_release_recursive
                0x000000000800dc18        0x2 c:/st/stm32cubeide_1.6.1/stm32cubeide/plugins/com.st.stm32cube.ide.mcu.externaltools.gnu-tools-for-stm32.10.3-2021.10.win32_1.0.0.202111181127/tools/bin/../lib/gcc/arm-none-eabi/10.3.1/../../../../arm-none-eabi/lib/thumb/v7e-m+fp/hard\libc_nano.a(lib_a-lock.o)
                0x000000000800dc18                __retarget_lock_release_recursive
 *fill*         0x000000000800dc1a        0x2 
 .text._lseek_r
                0x000000000800dc1c       0x24 c:/st/stm32cubeide_1.6.1/stm32cubeide/plugins/com.st.stm32cube.ide.mcu.externaltools.gnu-tools-for-stm32.10.3-2021.10.win32_1.0.0.202111181127/tools/bin/../lib/gcc/arm-none-eabi/10.3.1/../../../../arm-none-eabi/lib/thumb/v7e-m+fp/hard\libc_nano.a(lib_a-lseekr.o)
                0x000000000800dc1c                _lseek_r
 .text.memcpy   0x000000000800dc40       0x1c c:/st/stm32cubeide_1.6.1/stm32cubeide/plugins/com.st.stm32cube.ide.mcu.externaltools.gnu-tools-for-stm32.10.3-2021.10.win32_1.0.0.202111181127/tools/bin/../lib/gcc/arm-none-eabi/10.3.1/../../../../arm-none-eabi/lib/thumb/v7e-m+fp/hard\libc_nano.a(lib_a-memcpy-stub.o)
                0x000000000800dc40                memcpy
 .text.__malloc_lock
                0x000000000800dc5c        0xc c:/st/stm32cubeide_1.6.1/stm32cubeide/plugins/com.st.stm32cube.ide.mcu.externaltools.gnu-tools-for-stm32.10.3-2021.10.win32_1.0.0.202111181127/tools/bin/../lib/gcc/arm-none-eabi/10.3.1/../../../../arm-none-eabi/lib/thumb/v7e-m+fp/hard\libc_nano.a(lib_a-mlock.o)
                0x000000000800dc5c                __malloc_lock
 .text.__malloc_unlock
                0x000000000800dc68        0xc c:/st/stm32cubeide_1.6.1/stm32cubeide/plugins/com.st.stm32cube.ide.mcu.externaltools.gnu-tools-for-stm32.10.3-2021.10.win32_1.0.0.202111181127/tools/bin/../lib/gcc/arm-none-eabi/10.3.1/../../../../arm-none-eabi/lib/thumb/v7e-m+fp/hard\libc_nano.a(lib_a-mlock.o)
                0x000000000800dc68                __malloc_unlock
 .text._Balloc  0x000000000800dc74       0x80 c:/st/stm32cubeide_1.6.1/stm32cubeide/plugins/com.st.stm32cube.ide.mcu.externaltools.gnu-tools-for-stm32.10.3-2021.10.win32_1.0.0.202111181127/tools/bin/../lib/gcc/arm-none-eabi/10.3.1/../../../../arm-none-eabi/lib/thumb/v7e-m+fp/hard\libc_nano.a(lib_a-mprec.o)
                0x000000000800dc74                _Balloc
 .text._Bfree   0x000000000800dcf4       0x44 c:/st/stm32cubeide_1.6.1/stm32cubeide/plugins/com.st.stm32cube.ide.mcu.externaltools.gnu-tools-for-stm32.10.3-2021.10.win32_1.0.0.202111181127/tools/bin/../lib/gcc/arm-none-eabi/10.3.1/../../../../arm-none-eabi/lib/thumb/v7e-m+fp/hard\libc_nano.a(lib_a-mprec.o)
                0x000000000800dcf4                _Bfree
 .text.__multadd
                0x000000000800dd38       0x8c c:/st/stm32cubeide_1.6.1/stm32cubeide/plugins/com.st.stm32cube.ide.mcu.externaltools.gnu-tools-for-stm32.10.3-2021.10.win32_1.0.0.202111181127/tools/bin/../lib/gcc/arm-none-eabi/10.3.1/../../../../arm-none-eabi/lib/thumb/v7e-m+fp/hard\libc_nano.a(lib_a-mprec.o)
                0x000000000800dd38                __multadd
 .text.__hi0bits
                0x000000000800ddc4       0x40 c:/st/stm32cubeide_1.6.1/stm32cubeide/plugins/com.st.stm32cube.ide.mcu.externaltools.gnu-tools-for-stm32.10.3-2021.10.win32_1.0.0.202111181127/tools/bin/../lib/gcc/arm-none-eabi/10.3.1/../../../../arm-none-eabi/lib/thumb/v7e-m+fp/hard\libc_nano.a(lib_a-mprec.o)
                0x000000000800ddc4                __hi0bits
 .text.__lo0bits
                0x000000000800de04       0x5e c:/st/stm32cubeide_1.6.1/stm32cubeide/plugins/com.st.stm32cube.ide.mcu.externaltools.gnu-tools-for-stm32.10.3-2021.10.win32_1.0.0.202111181127/tools/bin/../lib/gcc/arm-none-eabi/10.3.1/../../../../arm-none-eabi/lib/thumb/v7e-m+fp/hard\libc_nano.a(lib_a-mprec.o)
                0x000000000800de04                __lo0bits
 *fill*         0x000000000800de62        0x2 
 .text.__i2b    0x000000000800de64       0x2c c:/st/stm32cubeide_1.6.1/stm32cubeide/plugins/com.st.stm32cube.ide.mcu.externaltools.gnu-tools-for-stm32.10.3-2021.10.win32_1.0.0.202111181127/tools/bin/../lib/gcc/arm-none-eabi/10.3.1/../../../../arm-none-eabi/lib/thumb/v7e-m+fp/hard\libc_nano.a(lib_a-mprec.o)
                0x000000000800de64                __i2b
 .text.__multiply
                0x000000000800de90      0x154 c:/st/stm32cubeide_1.6.1/stm32cubeide/plugins/com.st.stm32cube.ide.mcu.externaltools.gnu-tools-for-stm32.10.3-2021.10.win32_1.0.0.202111181127/tools/bin/../lib/gcc/arm-none-eabi/10.3.1/../../../../arm-none-eabi/lib/thumb/v7e-m+fp/hard\libc_nano.a(lib_a-mprec.o)
                0x000000000800de90                __multiply
 .text.__pow5mult
                0x000000000800dfe4       0xb4 c:/st/stm32cubeide_1.6.1/stm32cubeide/plugins/com.st.stm32cube.ide.mcu.externaltools.gnu-tools-for-stm32.10.3-2021.10.win32_1.0.0.202111181127/tools/bin/../lib/gcc/arm-none-eabi/10.3.1/../../../../arm-none-eabi/lib/thumb/v7e-m+fp/hard\libc_nano.a(lib_a-mprec.o)
                0x000000000800dfe4                __pow5mult
 .text.__lshift
                0x000000000800e098       0xe0 c:/st/stm32cubeide_1.6.1/stm32cubeide/plugins/com.st.stm32cube.ide.mcu.externaltools.gnu-tools-for-stm32.10.3-2021.10.win32_1.0.0.202111181127/tools/bin/../lib/gcc/arm-none-eabi/10.3.1/../../../../arm-none-eabi/lib/thumb/v7e-m+fp/hard\libc_nano.a(lib_a-mprec.o)
                0x000000000800e098                __lshift
 .text.__mcmp   0x000000000800e178       0x38 c:/st/stm32cubeide_1.6.1/stm32cubeide/plugins/com.st.stm32cube.ide.mcu.externaltools.gnu-tools-for-stm32.10.3-2021.10.win32_1.0.0.202111181127/tools/bin/../lib/gcc/arm-none-eabi/10.3.1/../../../../arm-none-eabi/lib/thumb/v7e-m+fp/hard\libc_nano.a(lib_a-mprec.o)
                0x000000000800e178                __mcmp
 .text.__mdiff  0x000000000800e1b0      0x114 c:/st/stm32cubeide_1.6.1/stm32cubeide/plugins/com.st.stm32cube.ide.mcu.externaltools.gnu-tools-for-stm32.10.3-2021.10.win32_1.0.0.202111181127/tools/bin/../lib/gcc/arm-none-eabi/10.3.1/../../../../arm-none-eabi/lib/thumb/v7e-m+fp/hard\libc_nano.a(lib_a-mprec.o)
                0x000000000800e1b0                __mdiff
 .text.__d2b    0x000000000800e2c4       0xb8 c:/st/stm32cubeide_1.6.1/stm32cubeide/plugins/com.st.stm32cube.ide.mcu.externaltools.gnu-tools-for-stm32.10.3-2021.10.win32_1.0.0.202111181127/tools/bin/../lib/gcc/arm-none-eabi/10.3.1/../../../../arm-none-eabi/lib/thumb/v7e-m+fp/hard\libc_nano.a(lib_a-mprec.o)
                0x000000000800e2c4                __d2b
 .text._calloc_r
                0x000000000800e37c       0x2c c:/st/stm32cubeide_1.6.1/stm32cubeide/plugins/com.st.stm32cube.ide.mcu.externaltools.gnu-tools-for-stm32.10.3-2021.10.win32_1.0.0.202111181127/tools/bin/../lib/gcc/arm-none-eabi/10.3.1/../../../../arm-none-eabi/lib/thumb/v7e-m+fp/hard\libc_nano.a(lib_a-nano-callocr.o)
                0x000000000800e37c                _calloc_r
 .text.__ssputs_r
                0x000000000800e3a8       0xb6 c:/st/stm32cubeide_1.6.1/stm32cubeide/plugins/com.st.stm32cube.ide.mcu.externaltools.gnu-tools-for-stm32.10.3-2021.10.win32_1.0.0.202111181127/tools/bin/../lib/gcc/arm-none-eabi/10.3.1/../../../../arm-none-eabi/lib/thumb/v7e-m+fp/hard\libc_nano.a(lib_a-nano-svfprintf.o)
                0x000000000800e3a8                __ssputs_r
 *fill*         0x000000000800e45e        0x2 
 .text._svfprintf_r
                0x000000000800e460      0x200 c:/st/stm32cubeide_1.6.1/stm32cubeide/plugins/com.st.stm32cube.ide.mcu.externaltools.gnu-tools-for-stm32.10.3-2021.10.win32_1.0.0.202111181127/tools/bin/../lib/gcc/arm-none-eabi/10.3.1/../../../../arm-none-eabi/lib/thumb/v7e-m+fp/hard\libc_nano.a(lib_a-nano-svfprintf.o)
                0x000000000800e460                _svfiprintf_r
                0x000000000800e460                _svfprintf_r
 .text._sungetc_r
                0x000000000800e660       0x7a c:/st/stm32cubeide_1.6.1/stm32cubeide/plugins/com.st.stm32cube.ide.mcu.externaltools.gnu-tools-for-stm32.10.3-2021.10.win32_1.0.0.202111181127/tools/bin/../lib/gcc/arm-none-eabi/10.3.1/../../../../arm-none-eabi/lib/thumb/v7e-m+fp/hard\libc_nano.a(lib_a-nano-svfscanf.o)
                0x000000000800e660                _sungetc_r
 .text.__ssrefill_r
                0x000000000800e6da       0x3a c:/st/stm32cubeide_1.6.1/stm32cubeide/plugins/com.st.stm32cube.ide.mcu.externaltools.gnu-tools-for-stm32.10.3-2021.10.win32_1.0.0.202111181127/tools/bin/../lib/gcc/arm-none-eabi/10.3.1/../../../../arm-none-eabi/lib/thumb/v7e-m+fp/hard\libc_nano.a(lib_a-nano-svfscanf.o)
                0x000000000800e6da                __ssrefill_r
 .text.__ssvfscanf_r
                0x000000000800e714      0x2f0 c:/st/stm32cubeide_1.6.1/stm32cubeide/plugins/com.st.stm32cube.ide.mcu.externaltools.gnu-tools-for-stm32.10.3-2021.10.win32_1.0.0.202111181127/tools/bin/../lib/gcc/arm-none-eabi/10.3.1/../../../../arm-none-eabi/lib/thumb/v7e-m+fp/hard\libc_nano.a(lib_a-nano-svfscanf.o)
                0x000000000800e714                __ssvfiscanf_r
                0x000000000800e714                __ssvfscanf_r
 .text.__sfputc_r
                0x000000000800ea04       0x2e c:/st/stm32cubeide_1.6.1/stm32cubeide/plugins/com.st.stm32cube.ide.mcu.externaltools.gnu-tools-for-stm32.10.3-2021.10.win32_1.0.0.202111181127/tools/bin/../lib/gcc/arm-none-eabi/10.3.1/../../../../arm-none-eabi/lib/thumb/v7e-m+fp/hard\libc_nano.a(lib_a-nano-vfprintf.o)
 .text.__sfputs_r
                0x000000000800ea32       0x24 c:/st/stm32cubeide_1.6.1/stm32cubeide/plugins/com.st.stm32cube.ide.mcu.externaltools.gnu-tools-for-stm32.10.3-2021.10.win32_1.0.0.202111181127/tools/bin/../lib/gcc/arm-none-eabi/10.3.1/../../../../arm-none-eabi/lib/thumb/v7e-m+fp/hard\libc_nano.a(lib_a-nano-vfprintf.o)
                0x000000000800ea32                __sfputs_r
 *fill*         0x000000000800ea56        0x2 
 .text._vfprintf_r
                0x000000000800ea58      0x260 c:/st/stm32cubeide_1.6.1/stm32cubeide/plugins/com.st.stm32cube.ide.mcu.externaltools.gnu-tools-for-stm32.10.3-2021.10.win32_1.0.0.202111181127/tools/bin/../lib/gcc/arm-none-eabi/10.3.1/../../../../arm-none-eabi/lib/thumb/v7e-m+fp/hard\libc_nano.a(lib_a-nano-vfprintf.o)
                0x000000000800ea58                _vfprintf_r
                0x000000000800ea58                _vfiprintf_r
 .text._scanf_chars
                0x000000000800ecb8       0xb4 c:/st/stm32cubeide_1.6.1/stm32cubeide/plugins/com.st.stm32cube.ide.mcu.externaltools.gnu-tools-for-stm32.10.3-2021.10.win32_1.0.0.202111181127/tools/bin/../lib/gcc/arm-none-eabi/10.3.1/../../../../arm-none-eabi/lib/thumb/v7e-m+fp/hard\libc_nano.a(lib_a-nano-vfscanf_i.o)
                0x000000000800ecb8                _scanf_chars
 .text._scanf_i
                0x000000000800ed6c      0x1f0 c:/st/stm32cubeide_1.6.1/stm32cubeide/plugins/com.st.stm32cube.ide.mcu.externaltools.gnu-tools-for-stm32.10.3-2021.10.win32_1.0.0.202111181127/tools/bin/../lib/gcc/arm-none-eabi/10.3.1/../../../../arm-none-eabi/lib/thumb/v7e-m+fp/hard\libc_nano.a(lib_a-nano-vfscanf_i.o)
                0x000000000800ed6c                _scanf_i
 .text._read_r  0x000000000800ef5c       0x24 c:/st/stm32cubeide_1.6.1/stm32cubeide/plugins/com.st.stm32cube.ide.mcu.externaltools.gnu-tools-for-stm32.10.3-2021.10.win32_1.0.0.202111181127/tools/bin/../lib/gcc/arm-none-eabi/10.3.1/../../../../arm-none-eabi/lib/thumb/v7e-m+fp/hard\libc_nano.a(lib_a-readr.o)
                0x000000000800ef5c                _read_r
 .text.__sccl   0x000000000800ef80       0x70 c:/st/stm32cubeide_1.6.1/stm32cubeide/plugins/com.st.stm32cube.ide.mcu.externaltools.gnu-tools-for-stm32.10.3-2021.10.win32_1.0.0.202111181127/tools/bin/../lib/gcc/arm-none-eabi/10.3.1/../../../../arm-none-eabi/lib/thumb/v7e-m+fp/hard\libc_nano.a(lib_a-sccl.o)
                0x000000000800ef80                __sccl
 .text._strtoul_l.constprop.0
                0x000000000800eff0       0xe4 c:/st/stm32cubeide_1.6.1/stm32cubeide/plugins/com.st.stm32cube.ide.mcu.externaltools.gnu-tools-for-stm32.10.3-2021.10.win32_1.0.0.202111181127/tools/bin/../lib/gcc/arm-none-eabi/10.3.1/../../../../arm-none-eabi/lib/thumb/v7e-m+fp/hard\libc_nano.a(lib_a-strtoul.o)
 .text._strtoul_r
                0x000000000800f0d4        0x4 c:/st/stm32cubeide_1.6.1/stm32cubeide/plugins/com.st.stm32cube.ide.mcu.externaltools.gnu-tools-for-stm32.10.3-2021.10.win32_1.0.0.202111181127/tools/bin/../lib/gcc/arm-none-eabi/10.3.1/../../../../arm-none-eabi/lib/thumb/v7e-m+fp/hard\libc_nano.a(lib_a-strtoul.o)
                0x000000000800f0d4                _strtoul_r
 .text.strtoul  0x000000000800f0d8       0x14 c:/st/stm32cubeide_1.6.1/stm32cubeide/plugins/com.st.stm32cube.ide.mcu.externaltools.gnu-tools-for-stm32.10.3-2021.10.win32_1.0.0.202111181127/tools/bin/../lib/gcc/arm-none-eabi/10.3.1/../../../../arm-none-eabi/lib/thumb/v7e-m+fp/hard\libc_nano.a(lib_a-strtoul.o)
                0x000000000800f0d8                strtoul
 .text.__submore