../Core/Cli/Src/consoleCommands.c:93:13:displayTask	176	static
../Core/Cli/Src/consoleCommands.c:103:13:displayDodeca	192	static
../Core/Cli/Src/consoleCommands.c:117:25:ConsoleCommandDodecaSet	176	static
../Core/Cli/Src/consoleCommands.c:201:25:ConsoleCommandDodecaQuery	32	static
../Core/Cli/Src/consoleCommands.c:231:25:ConsoleCommandSaveConfig	16	static
../Core/Cli/Src/consoleCommands.c:238:25:ConsoleCommandTaskSet	64	static
../Core/Cli/Src/consoleCommands.c:320:25:ConsoleCommandTaskQuery	32	static
../Core/Cli/Src/consoleCommands.c:350:25:ConsoleCommandFaceUpQuery	160	static
../Core/Cli/Src/consoleCommands.c:378:25:ConsoleCommandLEDSet	32	static
../Core/Cli/Src/consoleCommands.c:436:25:ConsoleCommandMemTest	16	static
../Core/Cli/Src/consoleCommands.c:461:25:ConsoleCommandCPUQuery	56	static
../Core/Cli/Src/consoleCommands.c:505:25:ConsoleCommandDateSet	48	static
../Core/Cli/Src/consoleCommands.c:564:25:ConsoleCommandTimeSet	64	static
../Core/Cli/Src/consoleCommands.c:619:25:ConsoleCommandLipoQuery	72	static
../Core/Cli/Src/consoleCommands.c:655:25:ConsoleCommandAccelQuery	288	static
../Core/Cli/Src/consoleCommands.c:726:25:ConsoleCommandTimeQuery	80	static
../Core/Cli/Src/consoleCommands.c:739:25:ConsoleCommandDateQuery	64	static
../Core/Cli/Src/consoleCommands.c:752:25:ConsoleCommandHelp	32	static
../Core/Cli/Src/consoleCommands.c:804:25:ConsoleCommandVer	24	static
../Core/Cli/Src/consoleCommands.c:816:31:ConsoleCommandsGetTable	4	static
