../Drivers/CMSIS/Include/core_cm4.h:1939:34:__NVIC_SystemReset	4	static,ignoring_inline_asm
../Core/Cli/Src/consoleCommands.c:104:13:displayDodeca	104	static
../Core/Cli/Src/consoleCommands.c:125:25:ConsoleCommandDumpData	232	static
../Core/Cli/Src/consoleCommands.c:163:25:ConsoleCommandClearData	16	static
../Core/Cli/Src/consoleCommands.c:172:25:ConsoleCommandConfig	16	static
../Core/Cli/Src/consoleCommands.c:177:25:ConsoleCommandExitConfig	16	static
../Core/Cli/Src/consoleCommands.c:183:25:ConsoleCommandReboot	16	static
../Core/Cli/Src/consoleCommands.c:189:25:ConsoleCommandReset	16	static
../Core/Cli/Src/consoleCommands.c:198:25:ConsoleCommandDodecaSet	104	static
../Core/Cli/Src/consoleCommands.c:288:25:ConsoleCommandDodecaQuery	32	static
../Core/Cli/Src/consoleCommands.c:318:25:ConsoleCommandSaveConfig	16	static
../Core/Cli/Src/consoleCommands.c:325:25:ConsoleCommandFaceUpQuery	160	static
../Core/Cli/Src/consoleCommands.c:364:25:ConsoleCommandLEDSet	40	static
../Core/Cli/Src/consoleCommands.c:492:25:ConsoleCommandDateSet	48	static
../Core/Cli/Src/consoleCommands.c:551:25:ConsoleCommandTimeSet	64	static
../Core/Cli/Src/consoleCommands.c:606:25:ConsoleCommandLipoQuery	72	static
../Core/Cli/Src/consoleCommands.c:642:25:ConsoleCommandAccelQuery	296	static
../Core/Cli/Src/consoleCommands.c:726:25:ConsoleCommandTimeQuery	48	static
../Core/Cli/Src/consoleCommands.c:736:25:ConsoleCommandDateQuery	48	static
../Core/Cli/Src/consoleCommands.c:746:25:ConsoleCommandHelp	32	static
../Core/Cli/Src/consoleCommands.c:798:25:ConsoleCommandVer	24	static
../Core/Cli/Src/consoleCommands.c:810:31:ConsoleCommandsGetTable	4	static
