../Core/Cli/Src/console.c:51:17:ConsoleCommandMatch	24	static
../Core/Cli/Src/console.c:69:6:ConsolePrintMenu	4	static
../Core/Cli/Src/console.c:76:6:ConsoleInit	16	static
../Core/Cli/Src/console.c:96:6:ConsoleProcess	24	static
../Core/Cli/Src/console.c:150:25:ConsoleParamFindN	40	static
../Core/Cli/Src/console.c:180:18:ConsoleReceiveParamInt16	48	static
../Core/Cli/Src/console.c:222:18:ConsoleReceiveParamHexUint16	48	static
../Core/Cli/Src/console.c:263:18:ConsoleSendParamHexUint16	32	static
../Core/Cli/Src/console.c:284:18:ConsoleSendParamHexUint8	24	static
../Core/Cli/Src/console.c:309:13:smallItoa	40	static
../Core/Cli/Src/console.c:346:18:ConsoleSendParamInt16	24	static
../Core/Cli/Src/console.c:362:18:ConsoleSendParamInt32	32	static
../Core/Cli/Src/console.c:374:25:ConsoleUtilHexCharToInt	24	static
../Core/Cli/Src/console.c:405:25:ConsoleUtilsIntToHexChar	24	static
../Core/Cli/Src/console.c:431:18:ConsoleSendString	16	static
../Core/Cli/Src/console.c:439:18:ConsoleSendLine	16	static
