../Core/Cli/Src/console.c:52:17:ConsoleCommandMatch	32	static
../Core/Cli/Src/console.c:74:6:ConsoleInit	16	static
../Core/Cli/Src/console.c:91:6:ConsolePrintPrompt	8	static
../Core/Cli/Src/console.c:100:6:ConsoleProcess	32	static
../Core/Cli/Src/console.c:167:18:ConsoleParamFindN	40	static
../Core/Cli/Src/console.c:194:18:ConsoleReceiveParamString	32	static
../Core/Cli/Src/console.c:221:18:ConsoleReceiveParamInt16	48	static
../Core/Cli/Src/console.c:261:18:ConsoleReceiveParamHexUint16	48	static
../Core/Cli/Src/console.c:302:18:ConsoleSendParamHexUint16	32	static
../Core/Cli/Src/console.c:323:18:ConsoleSendParamHexUint8	24	static
../Core/Cli/Src/console.c:348:13:smallItoa	40	static
../Core/Cli/Src/console.c:385:18:ConsoleSendParamInt16	24	static
../Core/Cli/Src/console.c:401:18:ConsoleSendParamInt32	32	static
../Core/Cli/Src/console.c:413:25:ConsoleUtilHexCharToInt	24	static
../Core/Cli/Src/console.c:444:25:ConsoleUtilsIntToHexChar	24	static
../Core/Cli/Src/console.c:470:18:ConsoleSendString	16	static
../Core/Cli/Src/console.c:478:18:ConsoleSendLine	16	static
