../Core/Cli/Src/console.c:51:17:ConsoleCommandMatch	24	static
../Core/Cli/Src/console.c:73:6:ConsoleInit	16	static
../Core/Cli/Src/console.c:90:6:ConsolePrintPrompt	8	static
../Core/Cli/Src/console.c:99:6:ConsoleProcess	32	static
../Core/Cli/Src/console.c:165:18:ConsoleParamFindN	40	static
../Core/Cli/Src/console.c:195:18:ConsoleReceiveParamInt16	48	static
../Core/Cli/Src/console.c:237:18:ConsoleReceiveParamHexUint16	48	static
../Core/Cli/Src/console.c:278:18:ConsoleSendParamHexUint16	32	static
../Core/Cli/Src/console.c:299:18:ConsoleSendParamHexUint8	24	static
../Core/Cli/Src/console.c:324:13:smallItoa	40	static
../Core/Cli/Src/console.c:361:18:ConsoleSendParamInt16	24	static
../Core/Cli/Src/console.c:377:18:ConsoleSendParamInt32	32	static
../Core/Cli/Src/console.c:389:25:ConsoleUtilHexCharToInt	24	static
../Core/Cli/Src/console.c:420:25:ConsoleUtilsIntToHexChar	24	static
../Core/Cli/Src/console.c:446:18:ConsoleSendString	16	static
../Core/Cli/Src/console.c:454:18:ConsoleSendLine	16	static
