../Core/Cli/Src/consoleCommands.c:84:13:displayTask	168	static
../Core/Cli/Src/consoleCommands.c:93:25:ConsoleCommandTaskSet	24	static
../Core/Cli/Src/consoleCommands.c:111:25:ConsoleCommandTaskQuery	32	static
../Core/Cli/Src/consoleCommands.c:141:25:ConsoleCommandFaceUpQuery	160	static
../Core/Cli/Src/consoleCommands.c:170:25:ConsoleCommandLEDSet	32	static
../Core/Cli/Src/consoleCommands.c:228:25:ConsoleCommandMemTest	16	static
../Core/Cli/Src/consoleCommands.c:253:25:ConsoleCommandCPUQuery	56	static
../Core/Cli/Src/consoleCommands.c:297:25:ConsoleCommandDateSet	48	static
../Core/Cli/Src/consoleCommands.c:356:25:ConsoleCommandTimeSet	64	static
../Core/Cli/Src/consoleCommands.c:411:25:ConsoleCommandLipoQuery	72	static
../Core/Cli/Src/consoleCommands.c:447:25:ConsoleCommandAccelQuery	288	static
../Core/Cli/Src/consoleCommands.c:518:25:ConsoleCommandTimeQuery	80	static
../Core/Cli/Src/consoleCommands.c:531:25:ConsoleCommandDateQuery	64	static
../Core/Cli/Src/consoleCommands.c:544:25:ConsoleCommandHelp	32	static
../Core/Cli/Src/consoleCommands.c:596:25:ConsoleCommandVer	24	static
../Core/Cli/Src/consoleCommands.c:608:31:ConsoleCommandsGetTable	4	static
