../Core/Cli/Src/console.c:51:17:ConsoleCommandMatch	32	static
../Core/Cli/Src/console.c:73:6:ConsoleInit	16	static
../Core/Cli/Src/console.c:90:6:ConsolePrintPrompt	8	static
../Core/Cli/Src/console.c:99:6:ConsoleProcess	32	static
../Core/Cli/Src/console.c:165:18:ConsoleParamFindN	40	static
../Core/Cli/Src/console.c:195:18:ConsoleReceiveParamInt16	48	static
../Core/Cli/Src/console.c:235:18:ConsoleReceiveParamHexUint16	48	static
../Core/Cli/Src/console.c:276:18:ConsoleSendParamHexUint16	32	static
../Core/Cli/Src/console.c:297:18:ConsoleSendParamHexUint8	24	static
../Core/Cli/Src/console.c:322:13:smallItoa	40	static
../Core/Cli/Src/console.c:359:18:ConsoleSendParamInt16	24	static
../Core/Cli/Src/console.c:375:18:ConsoleSendParamInt32	32	static
../Core/Cli/Src/console.c:387:25:ConsoleUtilHexCharToInt	24	static
../Core/Cli/Src/console.c:418:25:ConsoleUtilsIntToHexChar	24	static
../Core/Cli/Src/console.c:444:18:ConsoleSendString	16	static
../Core/Cli/Src/console.c:452:18:ConsoleSendLine	16	static
