../Core/Cli/Src/console.c:50:17:ConsoleCommandMatch	24	static
../Core/Cli/Src/console.c:95:6:ConsolePrintMenu	4	static
../Core/Cli/Src/console.c:102:6:ConsoleInit	16	static
../Core/Cli/Src/console.c:122:6:ConsoleProcess	24	static
../Core/Cli/Src/console.c:176:25:ConsoleParamFindN	40	static
../Core/Cli/Src/console.c:206:18:ConsoleReceiveParamInt16	48	static
../Core/Cli/Src/console.c:242:18:ConsoleReceiveParamHexUint16	48	static
../Core/Cli/Src/console.c:280:18:ConsoleSendParamHexUint16	32	static
../Core/Cli/Src/console.c:301:18:ConsoleSendParamHexUint8	24	static
../Core/Cli/Src/console.c:326:13:smallItoa	40	static
../Core/Cli/Src/console.c:363:18:ConsoleSendParamInt16	24	static
../Core/Cli/Src/console.c:377:18:ConsoleSendParamInt32	32	static
../Core/Cli/Src/console.c:389:25:ConsoleUtilHexCharToInt	24	static
../Core/Cli/Src/console.c:420:25:ConsoleUtilsIntToHexChar	24	static
../Core/Cli/Src/console.c:446:18:ConsoleSendString	16	static
../Core/Cli/Src/console.c:454:18:ConsoleSendLine	16	static
